Component: ARM Compiler 5.06 update 6 (build 750) Tool: armlink [4d35ed]

==============================================================================

Section Cross References

    startup_stm32f302x8.o(STACK) refers (Special) to heapauxi.o(.text) for __use_two_region_memory
    startup_stm32f302x8.o(HEAP) refers (Special) to heapauxi.o(.text) for __use_two_region_memory
    startup_stm32f302x8.o(RESET) refers (Special) to heapauxi.o(.text) for __use_two_region_memory
    startup_stm32f302x8.o(RESET) refers to startup_stm32f302x8.o(STACK) for __initial_sp
    startup_stm32f302x8.o(RESET) refers to startup_stm32f302x8.o(.text) for Reset_Handler
    startup_stm32f302x8.o(RESET) refers to stm32f3xx_it.o(i.NMI_Handler) for NMI_Handler
    startup_stm32f302x8.o(RESET) refers to stm32f3xx_it.o(i.HardFault_Handler) for HardFault_Handler
    startup_stm32f302x8.o(RESET) refers to stm32f3xx_it.o(i.MemManage_Handler) for MemManage_Handler
    startup_stm32f302x8.o(RESET) refers to stm32f3xx_it.o(i.BusFault_Handler) for BusFault_Handler
    startup_stm32f302x8.o(RESET) refers to stm32f3xx_it.o(i.UsageFault_Handler) for UsageFault_Handler
    startup_stm32f302x8.o(RESET) refers to stm32f3xx_it.o(i.SVC_Handler) for SVC_Handler
    startup_stm32f302x8.o(RESET) refers to stm32f3xx_it.o(i.DebugMon_Handler) for DebugMon_Handler
    startup_stm32f302x8.o(RESET) refers to stm32f3xx_it.o(i.PendSV_Handler) for PendSV_Handler
    startup_stm32f302x8.o(RESET) refers to stm32f3xx_it.o(i.SysTick_Handler) for SysTick_Handler
    startup_stm32f302x8.o(RESET) refers to stm32f3xx_it.o(i.DMA1_Channel1_IRQHandler) for DMA1_Channel1_IRQHandler
    startup_stm32f302x8.o(RESET) refers to stm32f3xx_it.o(i.DMA1_Channel4_IRQHandler) for DMA1_Channel4_IRQHandler
    startup_stm32f302x8.o(RESET) refers to stm32f3xx_it.o(i.DMA1_Channel5_IRQHandler) for DMA1_Channel5_IRQHandler
    startup_stm32f302x8.o(RESET) refers to stm32f3xx_it.o(i.ADC1_IRQHandler) for ADC1_IRQHandler
    startup_stm32f302x8.o(RESET) refers to stm32f3xx_it.o(i.USB_HP_CAN_TX_IRQHandler) for USB_HP_CAN_TX_IRQHandler
    startup_stm32f302x8.o(RESET) refers to stm32f3xx_it.o(i.USB_LP_CAN_RX0_IRQHandler) for USB_LP_CAN_RX0_IRQHandler
    startup_stm32f302x8.o(RESET) refers to stm32f3xx_it.o(i.CAN_RX1_IRQHandler) for CAN_RX1_IRQHandler
    startup_stm32f302x8.o(RESET) refers to stm32f3xx_it.o(i.TIM1_UP_TIM16_IRQHandler) for TIM1_UP_TIM16_IRQHandler
    startup_stm32f302x8.o(RESET) refers to stm32f3xx_it.o(i.USART1_IRQHandler) for USART1_IRQHandler
    startup_stm32f302x8.o(RESET) refers to stm32f3xx_it.o(i.USB_HP_IRQHandler) for USB_HP_IRQHandler
    startup_stm32f302x8.o(RESET) refers to stm32f3xx_it.o(i.USB_LP_IRQHandler) for USB_LP_IRQHandler
    startup_stm32f302x8.o(.text) refers (Special) to heapauxi.o(.text) for __use_two_region_memory
    startup_stm32f302x8.o(.text) refers to system_stm32f3xx.o(i.SystemInit) for SystemInit
    startup_stm32f302x8.o(.text) refers to __main.o(!!!main) for __main
    startup_stm32f302x8.o(.text) refers to startup_stm32f302x8.o(HEAP) for Heap_Mem
    startup_stm32f302x8.o(.text) refers to startup_stm32f302x8.o(STACK) for Stack_Mem
    main.o(i.HAL_TIM_PeriodElapsedCallback) refers to stm32f3xx_hal_uart.o(i.HAL_UART_Transmit_DMA) for HAL_UART_Transmit_DMA
    main.o(i.HAL_TIM_PeriodElapsedCallback) refers to stm32f3xx_hal_can.o(i.HAL_CAN_AddTxMessage) for HAL_CAN_AddTxMessage
    main.o(i.HAL_TIM_PeriodElapsedCallback) refers to usbd_cdc_if.o(i.CDC_Transmit_FS) for CDC_Transmit_FS
    main.o(i.HAL_TIM_PeriodElapsedCallback) refers to stm32f3xx_hal_iwdg.o(i.HAL_IWDG_Refresh) for HAL_IWDG_Refresh
    main.o(i.HAL_TIM_PeriodElapsedCallback) refers to tim.o(.bss) for htim1
    main.o(i.HAL_TIM_PeriodElapsedCallback) refers to main.o(.data) for .data
    main.o(i.HAL_TIM_PeriodElapsedCallback) refers to main.o(.bss) for .bss
    main.o(i.HAL_TIM_PeriodElapsedCallback) refers to usart.o(.bss) for huart1
    main.o(i.HAL_TIM_PeriodElapsedCallback) refers to can.o(.bss) for hcan
    main.o(i.HAL_TIM_PeriodElapsedCallback) refers to iwdg.o(.bss) for hiwdg
    main.o(i.SystemClock_Config) refers to rt_memclr_w.o(.text) for __aeabi_memclr4
    main.o(i.SystemClock_Config) refers to stm32f3xx_hal_rcc.o(i.HAL_RCC_OscConfig) for HAL_RCC_OscConfig
    main.o(i.SystemClock_Config) refers to stm32f3xx_hal_rcc.o(i.HAL_RCC_ClockConfig) for HAL_RCC_ClockConfig
    main.o(i.SystemClock_Config) refers to stm32f3xx_hal_rcc_ex.o(i.HAL_RCCEx_PeriphCLKConfig) for HAL_RCCEx_PeriphCLKConfig
    main.o(i.main) refers to stm32f3xx_hal.o(i.HAL_Init) for HAL_Init
    main.o(i.main) refers to main.o(i.SystemClock_Config) for SystemClock_Config
    main.o(i.main) refers to gpio.o(i.MX_GPIO_Init) for MX_GPIO_Init
    main.o(i.main) refers to dma.o(i.MX_DMA_Init) for MX_DMA_Init
    main.o(i.main) refers to adc.o(i.MX_ADC1_Init) for MX_ADC1_Init
    main.o(i.main) refers to can.o(i.MX_CAN_Init) for MX_CAN_Init
[...]
    i.USB_DisableGlobalInt                   0x08005992   Section        0  stm32f3xx_ll_usb.o(i.USB_DisableGlobalInt)
    i.USB_EPClearStall                       0x080059a0   Section        0  stm32f3xx_ll_usb.o(i.USB_EPClearStall)
    i.USB_EPSetStall                         0x08005a18   Section        0  stm32f3xx_ll_usb.o(i.USB_EPSetStall)
    i.USB_EPStartXfer                        0x08005a4a   Section        0  stm32f3xx_ll_usb.o(i.USB_EPStartXfer)
    i.USB_EnableGlobalInt                    0x08005f20   Section        0  stm32f3xx_ll_usb.o(i.USB_EnableGlobalInt)
    i.USB_HP_CAN_TX_IRQHandler               0x08005f34   Section        0  stm32f3xx_it.o(i.USB_HP_CAN_TX_IRQHandler)
    i.USB_HP_IRQHandler                      0x08005f40   Section        0  stm32f3xx_it.o(i.USB_HP_IRQHandler)
    i.USB_LP_CAN_RX0_IRQHandler              0x08005f4c   Section        0  stm32f3xx_it.o(i.USB_LP_CAN_RX0_IRQHandler)
    i.USB_LP_IRQHandler                      0x08005f58   Section        0  stm32f3xx_it.o(i.USB_LP_IRQHandler)
    i.USB_ReadInterrupts                     0x08005f64   Section        0  stm32f3xx_ll_usb.o(i.USB_ReadInterrupts)
    i.USB_ReadPMA                            0x08005f6a   Section        0  stm32f3xx_ll_usb.o(i.USB_ReadPMA)
    i.USB_SetDevAddress                      0x08005f92   Section        0  stm32f3xx_ll_usb.o(i.USB_SetDevAddress)
    i.USB_WritePMA                           0x08005fa0   Section        0  stm32f3xx_ll_usb.o(i.USB_WritePMA)
    i.UsageFault_Handler                     0x08005fc6   Section        0  stm32f3xx_it.o(i.UsageFault_Handler)
    i.__NVIC_SetPriority                     0x08005fc8   Section        0  stm32f3xx_hal_cortex.o(i.__NVIC_SetPriority)
    __NVIC_SetPriority                       0x08005fc9   Thumb Code    32  stm32f3xx_hal_cortex.o(i.__NVIC_SetPriority)
    i.main                                   0x08005fe8   Section        0  main.o(i.main)
    x$fpl$fpinit                             0x08006084   Section       10  fpinit.o(x$fpl$fpinit)
    $v0                                      0x08006084   Number         0  fpinit.o(x$fpl$fpinit)
    .constdata                               0x0800608e   Section       32  stm32f3xx_hal_rcc.o(.constdata)
    aPLLMULFactorTable                       0x0800608e   Data          16  stm32f3xx_hal_rcc.o(.constdata)
    aPredivFactorTable                       0x0800609e   Data          16  stm32f3xx_hal_rcc.o(.constdata)
    .constdata                               0x080060ae   Section       16  system_stm32f3xx.o(.constdata)
    .constdata                               0x080060be   Section        8  system_stm32f3xx.o(.constdata)
    .data                                    0x20000000   Section       24  main.o(.data)
    .data                                    0x20000018   Section       28  usbd_desc.o(.data)
    .data                                    0x20000034   Section       50  usbd_desc.o(.data)
    .data                                    0x20000068   Section       16  usbd_cdc_if.o(.data)
    .data                                    0x20000078   Section       12  stm32f3xx_hal.o(.data)
    .data                                    0x20000084   Section        4  system_stm32f3xx.o(.data)
    .data                                    0x20000088   Section        1  usbd_ctlreq.o(.data)
    cfgidx                                   0x20000088   Data           1  usbd_ctlreq.o(.data)
    .data                                    0x2000008c   Section      215  usbd_cdc.o(.data)
    USBD_CDC_DeviceQualifierDesc             0x2000008c   Data          10  usbd_cdc.o(.data)
    .data                                    0x20000164   Section       56  usbd_cdc.o(.data)
    .bss                                     0x2000019c   Section       28  main.o(.bss)
    .bss                                     0x200001b8   Section      148  adc.o(.bss)
    .bss                                     0x2000024c   Section       40  can.o(.bss)
    .bss                                     0x20000274   Section       16  iwdg.o(.bss)
    .bss                                     0x20000284   Section      152  tim.o(.bss)
    .bss                                     0x2000031c   Section      272  usart.o(.bss)
    .bss                                     0x2000042c   Section      708  usb_device.o(.bss)
    .bss                                     0x200006f0   Section       32  usbd_desc.o(.bss)
    .bss                                     0x20000710   Section      128  usbd_cdc_if.o(.bss)
    .bss                                     0x20000790   Section     1268  usbd_conf.o(.bss)
    mem                                      0x20000790   Data         544  usbd_conf.o(.bss)
    .bss                                     0x20000c84   Section       96  libspace.o(.bss)
    HEAP                                     0x20000ce8   Section     4096  startup_stm32f302x8.o(HEAP)
    Heap_Mem                                 0x20000ce8   Data        4096  startup_stm32f302x8.o(HEAP)
    STACK                                    0x20001ce8   Section     8192  startup_stm32f302x8.o(STACK)
    Stack_Mem                                0x20001ce8   Data        8192  startup_stm32f302x8.o(STACK)
    __initial_sp                             0x20003ce8   Data           0  startup_stm32f302x8.o(STACK)

    Global Symbols

    Symbol Name                              Value     Ov Type        Size  Object(Section)

    BuildAttributes$$THM_ISAv4$E$P$D$K$B$S$7EM$VFPi3$EXTD16$VFPS$VFMA$PE$A:L22UL41UL21$X:L11$S22US41US21$IEEE1$IW$USESV6$~STKCKD$USESV7$~SHL$OSPACE$ROPI$EBA8$UX$STANDARDLIB$REQ8$PRES8$EABIv2 0x00000000   Number         0  anon$$obj.o ABSOLUTE
    __ARM_use_no_argv                        0x00000000   Number         0  main.o ABSOLUTE
    __ARM_exceptions_init                     - Undefined Weak Reference
    __alloca_initialize                       - Undefined Weak Reference
    __arm_preinit_                            - Undefined Weak Reference
    __cpp_initialize__aeabi_                  - Undefined Weak Reference
    __cxa_finalize                            - Undefined Weak Reference
    __rt_locale                               - Undefined Weak Reference
    __sigvec_lookup                           - Undefined Weak Reference
    _atexit_init                              - Undefined Weak Reference
    _call_atexit_fns                          - Undefined Weak Reference
    _clock_init                               - Undefined Weak Reference
    _fp_trap_init                             - Undefined Weak Reference
    _fp_trap_shutdown                         - Undefined Weak Reference
    _get_lc_collate                           - Undefined Weak Reference
    _get_lc_ctype                             - Undefined Weak Reference
    _get_lc_monetary                          - Undefined Weak Reference
    _get_lc_numeric                           - Undefined Weak Reference
    _get_lc_time                              - Undefined Weak Reference
    _getenv_init                              - Undefined Weak Reference
    _handle_redirection                       - Undefined Weak Reference
    _init_alloc                               - Undefined Weak Reference
    _init_user_alloc                          - Undefined Weak Reference
    _initio                                   - Undefined Weak Reference
    _rand_init                                - Undefined Weak Reference
    _signal_finish                            - Undefined Weak Reference
    _signal_init                              - Undefined Weak Reference
    _terminate_alloc                          - Undefined Weak Reference
    _terminate_user_alloc                     - Undefined Weak Reference
    _terminateio                              - Undefined Weak Reference
    __Vectors_Size                           0x00000188   Number         0  startup_stm32f302x8.o ABSOLUTE
    __Vectors                                0x08000000   Data           4  startup_stm32f302x8.o(RESET)
    __Vectors_End                            0x08000188   Data           0  startup_stm32f302x8.o(RESET)
    __main                                   0x08000189   Thumb Code     8  __main.o(!!!main)
    __scatterload                            0x08000191   Thumb Code     0  __scatter.o(!!!scatter)
    __scatterload_rt2                        0x08000191   Thumb Code    44  __scatter.o(!!!scatter)
    __scatterload_rt2_thumb_only             0x08000191   Thumb Code     0  __scatter.o(!!!scatter)
    __scatterload_null                       0x0800019f   Thumb Code     0  __scatter.o(!!!scatter)
    __decompress                             0x080001c5   Thumb Code    90  __dczerorl2.o(!!dczerorl2)
    __decompress1                            0x080001c5   Thumb Code     0  __dczerorl2.o(!!dczerorl2)
    __scatterload_zeroinit                   0x08000221   Thumb Code    28  __scatter_zi.o(!!handler_zi)
    __rt_lib_init                            0x0800023d   Thumb Code     0  libinit.o(.ARM.Collect$$libinit$$00000000)
    __rt_lib_init_fp_1                       0x0800023f   Thumb Code     0  libinit2.o(.ARM.Collect$$libinit$$00000001)
    __rt_lib_init_alloca_1                   0x08000243   Thumb Code     0  libinit2.o(.ARM.Collect$$libinit$$0000002E)
    __rt_lib_init_argv_1                     0x08000243   Thumb Code     0  libinit2.o(.ARM.Collect$$libinit$$0000002C)
    __rt_lib_init_atexit_1                   0x08000243   Thumb Code     0  libinit2.o(.ARM.Collect$$libinit$$0000001B)
    __rt_lib_init_clock_1                    0x08000243   Thumb Code     0  libinit2.o(.ARM.Collect$$libinit$$00000021)
    __rt_lib_init_cpp_1                      0x08000243   Thumb Code     0  libinit2.o(.ARM.Collect$$libinit$$00000032)
    __rt_lib_init_exceptions_1               0x08000243   Thumb Code     0  libinit2.o(.ARM.Collect$$libinit$$00000030)
    __rt_lib_init_fp_trap_1                  0x08000243   Thumb Code     0  libinit2.o(.ARM.Collect$$libinit$$0000001F)
    __rt_lib_init_getenv_1                   0x08000243   Thumb Code     0  libinit2.o(.ARM.Collect$$libinit$$00000023)
    __rt_lib_init_heap_1                     0x08000243   Thumb Code     0  libinit2.o(.ARM.Collect$$libinit$$0000000A)
    __rt_lib_init_lc_collate_1               0x08000243   Thumb Code     0  libinit2.o(.ARM.Collect$$libinit$$00000011)
    __rt_lib_init_lc_ctype_1                 0x08000243   Thumb Code     0  libinit2.o(.ARM.Collect$$libinit$$00000013)
    __rt_lib_init_lc_monetary_1              0x08000243   Thumb Code     0  libinit2.o(.ARM.Collect$$libinit$$00000015)
    __rt_lib_init_lc_numeric_1               0x08000243   Thumb Code     0  libinit2.o(.ARM.Collect$$libinit$$00000017)
    __rt_lib_init_lc_time_1                  0x08000243   Thumb Code     0  libinit2.o(.ARM.Collect$$libinit$$00000019)
    __rt_lib_init_preinit_1                  0x08000243   Thumb Code     0  libinit2.o(.ARM.Collect$$libinit$$00000004)
    __rt_lib_init_rand_1                     0x08000243   Thumb Code     0  libinit2.o(.ARM.Collect$$libinit$$0000000E)
    __rt_lib_init_return                     0x08000243   Thumb Code     0  libinit2.o(.ARM.Collect$$libinit$$00000033)
    __rt_lib_init_signal_1                   0x08000243   Thumb Code     0  libinit2.o(.ARM.Collect$$libinit$$0000001D)
    __rt_lib_init_stdio_1                    0x08000243   Thumb Code     0  libinit2.o(.ARM.Collect$$libinit$$00000025)
    __rt_lib_init_user_alloc_1               0x08000243   Thumb Code     0  libinit2.o(.ARM.Collect$$libinit$$0000000C)
    __rt_lib_shutdown                        0x08000245   Thumb Code     0  libshutdown.o(.ARM.Collect$$libshutdown$$00000000)
    __rt_lib_shutdown_cpp_1                  0x08000247   Thumb Code     0  libshutdown2.o(.ARM.Collect$$libshutdown$$00000002)
    __rt_lib_shutdown_fp_trap_1              0x08000247   Thumb Code     0  libshutdown2.o(.ARM.Collect$$libshutdown$$00000007)
    __rt_lib_shutdown_heap_1                 0x08000247   Thumb Code     0  libshutdown2.o(.ARM.Collect$$libshutdown$$0000000F)
    __rt_lib_shutdown_return                 0x08000247   Thumb Code     0  libshutdown2.o(.ARM.Collect$$libshutdown$$00000010)
    __rt_lib_shutdown_signal_1               0x08000247   Thumb Code     0  libshutdown2.o(.ARM.Collect$$libshutdown$$0000000A)
    __rt_lib_shutdown_stdio_1                0x08000247   Thumb Code     0  libshutdown2.o(.ARM.Collect$$libshutdown$$00000004)
    __rt_lib_shutdown_user_alloc_1           0x08000247   Thumb Code     0  libshutdown2.o(.ARM.Collect$$libshutdown$$0000000C)
    __rt_entry                               0x08000249   Thumb Code     0  __rtentry.o(.ARM.Collect$$rtentry$$00000000)
    __rt_entry_presh_1                       0x08000249   Thumb Code     0  __rtentry2.o(.ARM.Collect$$rtentry$$00000002)
    __rt_entry_sh                            0x08000249   Thumb Code     0  __rtentry4.o(.ARM.Collect$$rtentry$$00000004)
    __rt_entry_li                            0x0800024f   Thumb Code     0  __rtentry2.o(.ARM.Collect$$rtentry$$0000000A)
    __rt_entry_postsh_1                      0x0800024f   Thumb Code     0  __rtentry2.o(.ARM.Collect$$rtentry$$00000009)
    __rt_entry_main                          0x08000253   Thumb Code     0  __rtentry2.o(.ARM.Collect$$rtentry$$0000000D)
    __rt_entry_postli_1                      0x08000253   Thumb Code     0  __rtentry2.o(.ARM.Collect$$rtentry$$0000000C)
    __rt_exit                                0x0800025b   Thumb Code     0  rtexit.o(.ARM.Collect$$rtexit$$00000000)
    __rt_exit_ls                             0x0800025d   Thumb Code     0  rtexit2.o(.ARM.Collect$$rtexit$$00000003)
    __rt_exit_prels_1                        0x0800025d   Thumb Code     0  rtexit2.o(.ARM.Collect$$rtexit$$00000002)
    __rt_exit_exit                           0x08000261   Thumb Code     0  rtexit2.o(.ARM.Collect$$rtexit$$00000004)
    Reset_Handler                            0x08000269   Thumb Code     8  startup_stm32f302x8.o(.text)
    CAN_SCE_IRQHandler                       0x08000283   Thumb Code     0  startup_stm32f302x8.o(.text)
    COMP2_IRQHandler                         0x08000283   Thumb Code     0  startup_stm32f302x8.o(.text)
    COMP4_6_IRQHandler                       0x08000283   Thumb Code     0  startup_stm32f302x8.o(.text)
    DMA1_Channel2_IRQHandler                 0x08000283   Thumb Code     0  startup_stm32f302x8.o(.text)
    DMA1_Channel3_IRQHandler                 0x08000283   Thumb Code     0  startup_stm32f302x8.o(.text)
    DMA1_Channel6_IRQHandler                 0x08000283   Thumb Code     0  startup_stm32f302x8.o(.text)
    DMA1_Channel7_IRQHandler                 0x08000283   Thumb Code     0  startup_stm32f302x8.o(.text)
    EXTI0_IRQHandler                         0x08000283   Thumb Code     0  startup_stm32f302x8.o(.text)
    EXTI15_10_IRQHandler                     0x08000283   Thumb Code     0  startup_stm32f302x8.o(.text)
    EXTI1_IRQHandler                         0x08000283   Thumb Code     0  startup_stm32f302x8.o(.text)
    EXTI2_TSC_IRQHandler                     0x08000283   Thumb Code     0  startup_stm32f302x8.o(.text)
    EXTI3_IRQHandler                         0x08000283   Thumb Code     0  startup_stm32f302x8.o(.text)
    EXTI4_IRQHandler                         0x08000283   Thumb Code     0  startup_stm32f302x8.o(.text)
    EXTI9_5_IRQHandler                       0x08000283   Thumb Code     0  startup_stm32f302x8.o(.text)
    FLASH_IRQHandler                         0x08000283   Thumb Code     0  startup_stm32f302x8.o(.text)
    FPU_IRQHandler                           0x08000283   Thumb Code     0  startup_stm32f302x8.o(.text)
    I2C1_ER_IRQHandler                       0x08000283   Thumb Code     0  startup_stm32f302x8.o(.text)
    I2C1_EV_IRQHandler                       0x08000283   Thumb Code     0  startup_stm32f302x8.o(.text)
    I2C2_ER_IRQHandler                       0x08000283   Thumb Code     0  startup_stm32f302x8.o(.text)
    I2C2_EV_IRQHandler                       0x08000283   Thumb Code     0  startup_stm32f302x8.o(.text)
    I2C3_ER_IRQHandler                       0x08000283   Thumb Code     0  startup_stm32f302x8.o(.text)
    I2C3_EV_IRQHandler                       0x08000283   Thumb Code     0  startup_stm32f302x8.o(.text)
    PVD_IRQHandler                           0x08000283   Thumb Code     0  startup_stm32f302x8.o(.text)
    RCC_IRQHandler                           0x08000283   Thumb Code     0  startup_stm32f302x8.o(.text)
    RTC_Alarm_IRQHandler                     0x08000283   Thumb Code     0  startup_stm32f302x8.o(.text)
    RTC_WKUP_IRQHandler                      0x08000283   Thumb Code     0  startup_stm32f302x8.o(.text)
    SPI2_IRQHandler                          0x08000283   Thumb Code     0  startup_stm32f302x8.o(.text)
    SPI3_IRQHandler                          0x08000283   Thumb Code     0  startup_stm32f302x8.o(.text)
    TAMP_STAMP_IRQHandler                    0x08000283   Thumb Code     0  startup_stm32f302x8.o(.text)
    TIM1_BRK_TIM15_IRQHandler                0x08000283   Thumb Code     0  startup_stm32f302x8.o(.text)
    TIM1_CC_IRQHandler                       0x08000283   Thumb Code     0  startup_stm32f302x8.o(.text)
    TIM1_TRG_COM_TIM17_IRQHandler            0x08000283   Thumb Code     0  startup_stm32f302x8.o(.text)
    TIM2_IRQHandler                          0x08000283   Thumb Code     0  startup_stm32f302x8.o(.text)
    TIM6_DAC_IRQHandler                      0x08000283   Thumb Code     0  startup_stm32f302x8.o(.text)
    USART2_IRQHandler                        0x08000283   Thumb Code     0  startup_stm32f302x8.o(.text)
    USART3_IRQHandler                        0x08000283   Thumb Code     0  startup_stm32f302x8.o(.text)
    USBWakeUp_IRQHandler                     0x08000283   Thumb Code     0  startup_stm32f302x8.o(.text)
    USBWakeUp_RMP_IRQHandler                 0x08000283   Thumb Code     0  startup_stm32f302x8.o(.text)
    WWDG_IRQHandler                          0x08000283   Thumb Code     0  startup_stm32f302x8.o(.text)
    __user_initial_stackheap                 0x08000285   Thumb Code     0  startup_stm32f302x8.o(.text)
    __aeabi_uldivmod                         0x080002a9   Thumb Code     0  lludivv7m.o(.text)
    _ll_udiv                                 0x080002a9   Thumb Code   238  lludivv7m.o(.text)
    __aeabi_memclr4                          0x08000397   Thumb Code     0  rt_memclr_w.o(.text)
    __aeabi_memclr8                          0x08000397   Thumb Code     0  rt_memclr_w.o(.text)
    __rt_memclr_w                            0x08000397   Thumb Code    78  rt_memclr_w.o(.text)
    _memset_w                                0x0800039b   Thumb Code     0  rt_memclr_w.o(.text)
    __use_two_region_memory                  0x080003e5   Thumb Code     2  heapauxi.o(.text)
    __rt_heap_escrow$2region                 0x080003e7   Thumb Code     2  heapauxi.o(.text)
    __rt_heap_expand$2region                 0x080003e9   Thumb Code     2  heapauxi.o(.text)
    __user_setup_stackheap                   0x080003eb   Thumb Code    74  sys_stackheap_outer.o(.text)
    exit                                     0x08000435   Thumb Code    18  exit.o(.text)
    __user_libspace                          0x08000449   Thumb Code     8  libspace.o(.text)
    __user_perproc_libspace                  0x08000449   Thumb Code     0  libspace.o(.text)
    __user_perthread_libspace                0x08000449   Thumb Code     0  libspace.o(.text)
    _sys_exit                                0x08000451   Thumb Code     8  sys_exit.o(.text)
    __I$use$semihosting                      0x0800045d   Thumb Code     0  use_no_semi.o(.text)
    __use_no_semihosting_swi                 0x0800045d   Thumb Code     2  use_no_semi.o(.text)
    __semihosting_library_function           0x0800045f   Thumb Code     0  indicate_semi.o(.text)
    ADC1_IRQHandler                          0x08000461   Thumb Code     6  stm32f3xx_it.o(i.ADC1_IRQHandler)
    BusFault_Handler                         0x080005a5   Thumb Code     2  stm32f3xx_it.o(i.BusFault_Handler)
    CAN_RX1_IRQHandler                       0x080005a9   Thumb Code     6  stm32f3xx_it.o(i.CAN_RX1_IRQHandler)
    CDC_Transmit_FS                          0x080005f9   Thumb Code    38  usbd_cdc_if.o(i.CDC_Transmit_FS)
    DMA1_Channel1_IRQHandler                 0x08000625   Thumb Code     6  stm32f3xx_it.o(i.DMA1_Channel1_IRQHandler)
    DMA1_Channel4_IRQHandler                 0x08000631   Thumb Code     6  stm32f3xx_it.o(i.DMA1_Channel4_IRQHandler)
    DMA1_Channel5_IRQHandler                 0x0800063d   Thumb Code     6  stm32f3xx_it.o(i.DMA1_Channel5_IRQHandler)
    DebugMon_Handler                         0x08000693   Thumb Code     2  stm32f3xx_it.o(i.DebugMon_Handler)
    Error_Handler                            0x08000695   Thumb Code     4  main.o(i.Error_Handler)
    HAL_ADCEx_Calibration_Start              0x08000699   Thumb Code   158  stm32f3xx_hal_adc_ex.o(i.HAL_ADCEx_Calibration_Start)
    HAL_ADCEx_InjectedConvCpltCallback       0x08000737   Thumb Code     2  stm32f3xx_hal_adc_ex.o(i.HAL_ADCEx_InjectedConvCpltCallback)
    HAL_ADCEx_InjectedQueueOverflowCallback  0x08000739   Thumb Code     2  stm32f3xx_hal_adc_ex.o(i.HAL_ADCEx_InjectedQueueOverflowCallback)
    HAL_ADCEx_LevelOutOfWindow2Callback      0x0800073b   Thumb Code     2  stm32f3xx_hal_adc_ex.o(i.HAL_ADCEx_LevelOutOfWindow2Callback)
    HAL_ADCEx_LevelOutOfWindow3Callback      0x0800073d   Thumb Code     2  stm32f3xx_hal_adc_ex.o(i.HAL_ADCEx_LevelOutOfWindow3Callback)
    HAL_ADC_ConfigChannel                    0x08000741   Thumb Code   794  stm32f3xx_hal_adc_ex.o(i.HAL_ADC_ConfigChannel)
    HAL_ADC_ConvCpltCallback                 0x08000a6d   Thumb Code     2  stm32f3xx_hal_adc.o(i.HAL_ADC_ConvCpltCallback)
    HAL_ADC_ConvHalfCpltCallback             0x08000a6f   Thumb Code     2  stm32f3xx_hal_adc.o(i.HAL_ADC_ConvHalfCpltCallback)
    HAL_ADC_ErrorCallback                    0x08000a71   Thumb Code     2  stm32f3xx_hal_adc.o(i.HAL_ADC_ErrorCallback)
    HAL_ADC_IRQHandler                       0x08000a75   Thumb Code   446  stm32f3xx_hal_adc_ex.o(i.HAL_ADC_IRQHandler)
    HAL_ADC_Init                             0x08000c39   Thumb Code   426  stm32f3xx_hal_adc_ex.o(i.HAL_ADC_Init)
    HAL_ADC_LevelOutOfWindowCallback         0x08000df9   Thumb Code     2  stm32f3xx_hal_adc.o(i.HAL_ADC_LevelOutOfWindowCallback)
    HAL_ADC_MspInit                          0x08000dfd   Thumb Code   170  adc.o(i.HAL_ADC_MspInit)
    HAL_ADC_Start_DMA                        0x08000eb9   Thumb Code   198  stm32f3xx_hal_adc_ex.o(i.HAL_ADC_Start_DMA)
    HAL_CAN_AddTxMessage                     0x08000f8d   Thumb Code   188  stm32f3xx_hal_can.o(i.HAL_CAN_AddTxMessage)
    HAL_CAN_ErrorCallback                    0x08001049   Thumb Code     2  stm32f3xx_hal_can.o(i.HAL_CAN_ErrorCallback)
    HAL_CAN_IRQHandler                       0x0800104b   Thumb Code   508  stm32f3xx_hal_can.o(i.HAL_CAN_IRQHandler)
    HAL_CAN_Init                             0x08001247   Thumb Code   282  stm32f3xx_hal_can.o(i.HAL_CAN_Init)
    HAL_CAN_MspInit                          0x08001361   Thumb Code   138  can.o(i.HAL_CAN_MspInit)
    HAL_CAN_RxFifo0FullCallback              0x080013f9   Thumb Code     2  stm32f3xx_hal_can.o(i.HAL_CAN_RxFifo0FullCallback)
    HAL_CAN_RxFifo0MsgPendingCallback        0x080013fb   Thumb Code     2  stm32f3xx_hal_can.o(i.HAL_CAN_RxFifo0MsgPendingCallback)
    HAL_CAN_RxFifo1FullCallback              0x080013fd   Thumb Code     2  stm32f3xx_hal_can.o(i.HAL_CAN_RxFifo1FullCallback)
    HAL_CAN_RxFifo1MsgPendingCallback        0x080013ff   Thumb Code     2  stm32f3xx_hal_can.o(i.HAL_CAN_RxFifo1MsgPendingCallback)
    HAL_CAN_SleepCallback                    0x08001401   Thumb Code     2  stm32f3xx_hal_can.o(i.HAL_CAN_SleepCallback)
    HAL_CAN_Start                            0x08001405   Thumb Code    88  stm32f3xx_hal_can.o(i.HAL_CAN_Start)
    HAL_CAN_TxMailbox0AbortCallback          0x0800145d   Thumb Code     2  stm32f3xx_hal_can.o(i.HAL_CAN_TxMailbox0AbortCallback)
    HAL_CAN_TxMailbox0CompleteCallback       0x0800145f   Thumb Code     2  stm32f3xx_hal_can.o(i.HAL_CAN_TxMailbox0CompleteCallback)
    HAL_CAN_TxMailbox1AbortCallback          0x08001461   Thumb Code     2  stm32f3xx_hal_can.o(i.HAL_CAN_TxMailbox1AbortCallback)
    HAL_CAN_TxMailbox1CompleteCallback       0x08001463   Thumb Code     2  stm32f3xx_hal_can.o(i.HAL_CAN_TxMailbox1CompleteCallback)
    HAL_CAN_TxMailbox2AbortCallback          0x08001465   Thumb Code     2  stm32f3xx_hal_can.o(i.HAL_CAN_TxMailbox2AbortCallback)
    HAL_CAN_TxMailbox2CompleteCallback       0x08001467   Thumb Code     2  stm32f3xx_hal_can.o(i.HAL_CAN_TxMailbox2CompleteCallback)
    HAL_CAN_WakeUpFromRxMsgCallback          0x08001469   Thumb Code     2  stm32f3xx_hal_can.o(i.HAL_CAN_WakeUpFromRxMsgCallback)
    HAL_DMA_Abort                            0x0800146b   Thumb Code    72  stm32f3xx_hal_dma.o(i.HAL_DMA_Abort)
    HAL_DMA_Abort_IT                         0x080014b3   Thumb Code    74  stm32f3xx_hal_dma.o(i.HAL_DMA_Abort_IT)
    HAL_DMA_IRQHandler                       0x080014fd   Thumb Code   168  stm32f3xx_hal_dma.o(i.HAL_DMA_IRQHandler)
    HAL_DMA_Init                             0x080015a5   Thumb Code    78  stm32f3xx_hal_dma.o(i.HAL_DMA_Init)
    HAL_DMA_Start_IT                         0x080015f3   Thumb Code   112  stm32f3xx_hal_dma.o(i.HAL_DMA_Start_IT)
    HAL_Delay                                0x08001665   Thumb Code    32  stm32f3xx_hal.o(i.HAL_Delay)
    HAL_GPIO_Init                            0x08001689   Thumb Code   518  stm32f3xx_hal_gpio.o(i.HAL_GPIO_Init)
    HAL_GetTick                              0x080018a9   Thumb Code     6  stm32f3xx_hal.o(i.HAL_GetTick)
    HAL_IWDG_Init                            0x080018b5   Thumb Code   102  stm32f3xx_hal_iwdg.o(i.HAL_IWDG_Init)
    HAL_IWDG_Refresh                         0x0800191b   Thumb Code    12  stm32f3xx_hal_iwdg.o(i.HAL_IWDG_Refresh)
    HAL_IncTick                              0x08001929   Thumb Code    12  stm32f3xx_hal.o(i.HAL_IncTick)
    HAL_Init                                 0x08001939   Thumb Code    32  stm32f3xx_hal.o(i.HAL_Init)
    HAL_InitTick                             0x0800195d   Thumb Code    54  stm32f3xx_hal.o(i.HAL_InitTick)
    HAL_MspInit                              0x0800199d   Thumb Code    38  stm32f3xx_hal_msp.o(i.HAL_MspInit)
    HAL_NVIC_EnableIRQ                       0x080019c9   Thumb Code    26  stm32f3xx_hal_cortex.o(i.HAL_NVIC_EnableIRQ)
    HAL_NVIC_SetPriority                     0x080019e5   Thumb Code    60  stm32f3xx_hal_cortex.o(i.HAL_NVIC_SetPriority)
    HAL_NVIC_SetPriorityGrouping             0x08001a25   Thumb Code    26  stm32f3xx_hal_cortex.o(i.HAL_NVIC_SetPriorityGrouping)
    HAL_PCDEx_PMAConfig                      0x08001a49   Thumb Code    60  stm32f3xx_hal_pcd_ex.o(i.HAL_PCDEx_PMAConfig)
    HAL_PCDEx_SetConnectionState             0x08001a85   Thumb Code     2  usbd_conf.o(i.HAL_PCDEx_SetConnectionState)
    HAL_PCD_DataInStageCallback              0x08001a87   Thumb Code    18  usbd_conf.o(i.HAL_PCD_DataInStageCallback)
    HAL_PCD_DataOutStageCallback             0x08001a99   Thumb Code    20  usbd_conf.o(i.HAL_PCD_DataOutStageCallback)
    HAL_PCD_EP_Close                         0x08001aad   Thumb Code    74  stm32f3xx_hal_pcd.o(i.HAL_PCD_EP_Close)
    HAL_PCD_EP_ClrStall                      0x08001af7   Thumb Code    90  stm32f3xx_hal_pcd.o(i.HAL_PCD_EP_ClrStall)
    HAL_PCD_EP_GetRxCount                    0x08001f7d   Thumb Code    18  stm32f3xx_hal_pcd.o(i.HAL_PCD_EP_GetRxCount)
    HAL_PCD_EP_Open                          0x08001f8f   Thumb Code    88  stm32f3xx_hal_pcd.o(i.HAL_PCD_EP_Open)
    HAL_PCD_EP_Receive                       0x08001fe7   Thumb Code    46  stm32f3xx_hal_pcd.o(i.HAL_PCD_EP_Receive)
    HAL_PCD_EP_SetStall                      0x08002015   Thumb Code    94  stm32f3xx_hal_pcd.o(i.HAL_PCD_EP_SetStall)
    HAL_PCD_EP_Transmit                      0x08002073   Thumb Code    46  stm32f3xx_hal_pcd.o(i.HAL_PCD_EP_Transmit)
    HAL_PCD_IRQHandler                       0x080020a1   Thumb Code   226  stm32f3xx_hal_pcd.o(i.HAL_PCD_IRQHandler)
    HAL_PCD_Init                             0x08002185   Thumb Code   144  stm32f3xx_hal_pcd.o(i.HAL_PCD_Init)
    HAL_PCD_MspInit                          0x08002215   Thumb Code    76  usbd_conf.o(i.HAL_PCD_MspInit)
    HAL_PCD_ResetCallback                    0x0800226d   Thumb Code    38  usbd_conf.o(i.HAL_PCD_ResetCallback)
    HAL_PCD_ResumeCallback                   0x08002293   Thumb Code     8  usbd_conf.o(i.HAL_PCD_ResumeCallback)
    HAL_PCD_SOFCallback                      0x0800229b   Thumb Code     8  usbd_conf.o(i.HAL_PCD_SOFCallback)
    HAL_PCD_SetAddress                       0x080022a3   Thumb Code    38  stm32f3xx_hal_pcd.o(i.HAL_PCD_SetAddress)
    HAL_PCD_SetupStageCallback               0x080022c9   Thumb Code    14  usbd_conf.o(i.HAL_PCD_SetupStageCallback)
    HAL_PCD_Start                            0x080022d7   Thumb Code    50  stm32f3xx_hal_pcd.o(i.HAL_PCD_Start)
    HAL_PCD_SuspendCallback                  0x08002309   Thumb Code    30  usbd_conf.o(i.HAL_PCD_SuspendCallback)
    HAL_RCCEx_PeriphCLKConfig                0x0800232d   Thumb Code   486  stm32f3xx_hal_rcc_ex.o(i.HAL_RCCEx_PeriphCLKConfig)
    HAL_RCC_ClockConfig                      0x08002521   Thumb Code   308  stm32f3xx_hal_rcc.o(i.HAL_RCC_ClockConfig)
    HAL_RCC_GetPCLK1Freq                     0x08002669   Thumb Code    34  stm32f3xx_hal_rcc.o(i.HAL_RCC_GetPCLK1Freq)
    HAL_RCC_GetPCLK2Freq                     0x08002699   Thumb Code    34  stm32f3xx_hal_rcc.o(i.HAL_RCC_GetPCLK2Freq)
    HAL_RCC_GetSysClockFreq                  0x080026c9   Thumb Code    68  stm32f3xx_hal_rcc.o(i.HAL_RCC_GetSysClockFreq)
    HAL_RCC_OscConfig                        0x0800271d   Thumb Code  1480  stm32f3xx_hal_rcc.o(i.HAL_RCC_OscConfig)
    HAL_SYSTICK_Config                       0x08002ce5   Thumb Code    40  stm32f3xx_hal_cortex.o(i.HAL_SYSTICK_Config)
    HAL_TIMEx_Break2Callback                 0x08002d0d   Thumb Code     2  stm32f3xx_hal_tim_ex.o(i.HAL_TIMEx_Break2Callback)
    HAL_TIMEx_BreakCallback                  0x08002d0f   Thumb Code     2  stm32f3xx_hal_tim_ex.o(i.HAL_TIMEx_BreakCallback)
    HAL_TIMEx_CommutCallback                 0x08002d11   Thumb Code     2  stm32f3xx_hal_tim_ex.o(i.HAL_TIMEx_CommutCallback)
    HAL_TIMEx_MasterConfigSynchronization    0x08002d15   Thumb Code    98  stm32f3xx_hal_tim_ex.o(i.HAL_TIMEx_MasterConfigSynchronization)
    HAL_TIM_Base_Init                        0x08002d81   Thumb Code    98  stm32f3xx_hal_tim.o(i.HAL_TIM_Base_Init)
    HAL_TIM_Base_MspInit                     0x08002de5   Thumb Code    50  tim.o(i.HAL_TIM_Base_MspInit)
    HAL_TIM_Base_Start_IT                    0x08002e21   Thumb Code    76  stm32f3xx_hal_tim.o(i.HAL_TIM_Base_Start_IT)
    HAL_TIM_ConfigClockSource                0x08002e79   Thumb Code   220  stm32f3xx_hal_tim.o(i.HAL_TIM_ConfigClockSource)
    HAL_TIM_IC_CaptureCallback               0x08002f59   Thumb Code     2  stm32f3xx_hal_tim.o(i.HAL_TIM_IC_CaptureCallback)
    HAL_TIM_IRQHandler                       0x08002f5b   Thumb Code   326  stm32f3xx_hal_tim.o(i.HAL_TIM_IRQHandler)
    HAL_TIM_MspPostInit                      0x080030a1   Thumb Code    72  tim.o(i.HAL_TIM_MspPostInit)
    HAL_TIM_OC_DelayElapsedCallback          0x080030f1   Thumb Code     2  stm32f3xx_hal_tim.o(i.HAL_TIM_OC_DelayElapsedCallback)
    HAL_TIM_PWM_ConfigChannel                0x080030f3   Thumb Code   292  stm32f3xx_hal_tim.o(i.HAL_TIM_PWM_ConfigChannel)
    HAL_TIM_PWM_Init                         0x08003217   Thumb Code    98  stm32f3xx_hal_tim.o(i.HAL_TIM_PWM_Init)
    HAL_TIM_PWM_MspInit                      0x08003279   Thumb Code    30  tim.o(i.HAL_TIM_PWM_MspInit)
    HAL_TIM_PWM_PulseFinishedCallback        0x0800329d   Thumb Code     2  stm32f3xx_hal_tim.o(i.HAL_TIM_PWM_PulseFinishedCallback)
    HAL_TIM_PWM_Start                        0x080032a1   Thumb Code   196  stm32f3xx_hal_tim.o(i.HAL_TIM_PWM_Start)
    HAL_TIM_PeriodElapsedCallback            0x08003379   Thumb Code   276  main.o(i.HAL_TIM_PeriodElapsedCallback)
    HAL_TIM_TriggerCallback                  0x080034bd   Thumb Code     2  stm32f3xx_hal_tim.o(i.HAL_TIM_TriggerCallback)
    HAL_UARTEx_RxEventCallback               0x080034bf   Thumb Code     2  stm32f3xx_hal_uart.o(i.HAL_UARTEx_RxEventCallback)
    HAL_UARTEx_WakeupCallback                0x080034c1   Thumb Code     2  stm32f3xx_hal_uart_ex.o(i.HAL_UARTEx_WakeupCallback)
    HAL_UART_ErrorCallback                   0x080034c3   Thumb Code     2  stm32f3xx_hal_uart.o(i.HAL_UART_ErrorCallback)
    HAL_UART_IRQHandler                      0x080034c5   Thumb Code   686  stm32f3xx_hal_uart.o(i.HAL_UART_IRQHandler)
    HAL_UART_Init                            0x0800377d   Thumb Code   102  stm32f3xx_hal_uart.o(i.HAL_UART_Init)
    HAL_UART_MspInit                         0x080037e5   Thumb Code   186  usart.o(i.HAL_UART_MspInit)
    HAL_UART_Transmit_DMA                    0x080038b1   Thumb Code   126  stm32f3xx_hal_uart.o(i.HAL_UART_Transmit_DMA)
    HAL_UART_TxCpltCallback                  0x0800393d   Thumb Code     2  stm32f3xx_hal_uart.o(i.HAL_UART_TxCpltCallback)
    HAL_UART_TxHalfCpltCallback              0x0800393f   Thumb Code     2  stm32f3xx_hal_uart.o(i.HAL_UART_TxHalfCpltCallback)
    HardFault_Handler                        0x08003941   Thumb Code     2  stm32f3xx_it.o(i.HardFault_Handler)
    MX_ADC1_Init                             0x0800397d   Thumb Code   130  adc.o(i.MX_ADC1_Init)
    MX_CAN_Init                              0x08003a05   Thumb Code    58  can.o(i.MX_CAN_Init)
    MX_DMA_Init                              0x08003a49   Thumb Code    72  dma.o(i.MX_DMA_Init)
    MX_GPIO_Init                             0x08003a95   Thumb Code    54  gpio.o(i.MX_GPIO_Init)
    MX_IWDG_Init                             0x08003ad1   Thumb Code    38  iwdg.o(i.MX_IWDG_Init)
    MX_TIM1_Init                             0x08003b01   Thumb Code   102  tim.o(i.MX_TIM1_Init)
    MX_TIM2_Init                             0x08003b71   Thumb Code   108  tim.o(i.MX_TIM2_Init)
    MX_USART1_UART_Init                      0x08003be1   Thumb Code    58  usart.o(i.MX_USART1_UART_Init)
    MX_USB_DEVICE_Init                       0x08003c29   Thumb Code    66  usb_device.o(i.MX_USB_DEVICE_Init)
    MemManage_Handler                        0x08003c7d   Thumb Code     2  stm32f3xx_it.o(i.MemManage_Handler)
    NMI_Handler                              0x08003c7f   Thumb Code     2  stm32f3xx_it.o(i.NMI_Handler)
    PendSV_Handler                           0x08004005   Thumb Code     2  stm32f3xx_it.o(i.PendSV_Handler)
    SVC_Handler                              0x08004007   Thumb Code     2  stm32f3xx_it.o(i.SVC_Handler)
    SysTick_Handler                          0x08004009   Thumb Code     4  stm32f3xx_it.o(i.SysTick_Handler)
    SystemClock_Config                       0x0800400d   Thumb Code   136  main.o(i.SystemClock_Config)
    SystemInit                               0x08004099   Thumb Code    12  system_stm32f3xx.o(i.SystemInit)
    TIM1_UP_TIM16_IRQHandler                 0x080040a9   Thumb Code     6  stm32f3xx_it.o(i.TIM1_UP_TIM16_IRQHandler)
    TIM_Base_SetConfig                       0x080040b5   Thumb Code   118  stm32f3xx_hal_tim.o(i.TIM_Base_SetConfig)
    TIM_CCxChannelCmd                        0x0800413d   Thumb Code    26  stm32f3xx_hal_tim.o(i.TIM_CCxChannelCmd)
    TIM_ETR_SetConfig                        0x08004157   Thumb Code    20  stm32f3xx_hal_tim.o(i.TIM_ETR_SetConfig)
    TIM_OC2_SetConfig                        0x08004205   Thumb Code   108  stm32f3xx_hal_tim.o(i.TIM_OC2_SetConfig)
    UART_AdvFeatureConfig                    0x08004483   Thumb Code   200  stm32f3xx_hal_uart.o(i.UART_AdvFeatureConfig)
    UART_CheckIdleState                      0x0800454b   Thumb Code   168  stm32f3xx_hal_uart.o(i.UART_CheckIdleState)
    UART_SetConfig                           0x08004705   Thumb Code   296  stm32f3xx_hal_uart.o(i.UART_SetConfig)
    UART_WaitOnFlagUntilTimeout              0x08004845   Thumb Code   148  stm32f3xx_hal_uart.o(i.UART_WaitOnFlagUntilTimeout)
    USART1_IRQHandler                        0x080048d9   Thumb Code     6  stm32f3xx_it.o(i.USART1_IRQHandler)
    USBD_CDC_GetDeviceQualifierDescriptor    0x080049c1   Thumb Code     8  usbd_cdc.o(i.USBD_CDC_GetDeviceQualifierDescriptor)
    USBD_CDC_ReceivePacket                   0x08004a85   Thumb Code    40  usbd_cdc.o(i.USBD_CDC_ReceivePacket)
    USBD_CDC_RegisterInterface               0x08004aad   Thumb Code    16  usbd_cdc.o(i.USBD_CDC_RegisterInterface)
    USBD_CDC_SetRxBuffer                     0x08004abd   Thumb Code    12  usbd_cdc.o(i.USBD_CDC_SetRxBuffer)
    USBD_CDC_SetTxBuffer                     0x08004ac9   Thumb Code    16  usbd_cdc.o(i.USBD_CDC_SetTxBuffer)
    USBD_CDC_TransmitPacket                  0x08004b85   Thumb Code    54  usbd_cdc.o(i.USBD_CDC_TransmitPacket)
    USBD_ClrClassConfig                      0x08004bbb   Thumb Code    14  usbd_core.o(i.USBD_ClrClassConfig)
    USBD_CtlContinueRx                       0x08004bc9   Thumb Code    16  usbd_ioreq.o(i.USBD_CtlContinueRx)
    USBD_CtlContinueSendData                 0x08004bd9   Thumb Code    16  usbd_ioreq.o(i.USBD_CtlContinueSendData)
    USBD_CtlError                            0x08004be9   Thumb Code    22  usbd_ctlreq.o(i.USBD_CtlError)
    USBD_CtlPrepareRx                        0x08004bff   Thumb Code    30  usbd_ioreq.o(i.USBD_CtlPrepareRx)
    USBD_CtlReceiveStatus                    0x08004c1d   Thumb Code    22  usbd_ioreq.o(i.USBD_CtlReceiveStatus)
    USBD_CtlSendData                         0x08004c33   Thumb Code    26  usbd_ioreq.o(i.USBD_CtlSendData)
    USBD_CtlSendStatus                       0x08004c4d   Thumb Code    22  usbd_ioreq.o(i.USBD_CtlSendStatus)
    USBD_FS_ConfigStrDescriptor              0x08004c65   Thumb Code    16  usbd_desc.o(i.USBD_FS_ConfigStrDescriptor)
    USBD_FS_DeviceDescriptor                 0x08004c85   Thumb Code     8  usbd_desc.o(i.USBD_FS_DeviceDescriptor)
    USBD_FS_InterfaceStrDescriptor           0x08004c91   Thumb Code    16  usbd_desc.o(i.USBD_FS_InterfaceStrDescriptor)
    USBD_FS_LangIDStrDescriptor              0x08004cc1   Thumb Code     8  usbd_desc.o(i.USBD_FS_LangIDStrDescriptor)
    USBD_FS_ManufacturerStrDescriptor        0x08004ccd   Thumb Code    16  usbd_desc.o(i.USBD_FS_ManufacturerStrDescriptor)
    USBD_FS_ProductStrDescriptor             0x08004cf9   Thumb Code    16  usbd_desc.o(i.USBD_FS_ProductStrDescriptor)
    USBD_FS_SerialStrDescriptor              0x08004d25   Thumb Code    48  usbd_desc.o(i.USBD_FS_SerialStrDescriptor)
    USBD_GetString                           0x08004e45   Thumb Code    72  usbd_ctlreq.o(i.USBD_GetString)
    USBD_Init                                0x08004ea5   Thumb Code    42  usbd_core.o(i.USBD_Init)
    USBD_LL_ClearStallEP                     0x08004ecf   Thumb Code    18  usbd_conf.o(i.USBD_LL_ClearStallEP)
    USBD_LL_CloseEP                          0x08004ee1   Thumb Code    18  usbd_conf.o(i.USBD_LL_CloseEP)
    USBD_LL_DataInStage                      0x08004ef3   Thumb Code   198  usbd_core.o(i.USBD_LL_DataInStage)
    USBD_LL_DataOutStage                     0x08004fb9   Thumb Code   130  usbd_core.o(i.USBD_LL_DataOutStage)
    USBD_LL_GetRxDataSize                    0x0800503b   Thumb Code     8  usbd_conf.o(i.USBD_LL_GetRxDataSize)
    USBD_LL_Init                             0x08005045   Thumb Code   118  usbd_conf.o(i.USBD_LL_Init)
    USBD_LL_IsStallEP                        0x080050c5   Thumb Code    30  usbd_conf.o(i.USBD_LL_IsStallEP)
    USBD_LL_OpenEP                           0x080050e3   Thumb Code    24  usbd_conf.o(i.USBD_LL_OpenEP)
    USBD_LL_PrepareReceive                   0x080050fb   Thumb Code    18  usbd_conf.o(i.USBD_LL_PrepareReceive)
    USBD_LL_Reset                            0x0800510d   Thumb Code    80  usbd_core.o(i.USBD_LL_Reset)
    USBD_LL_Resume                           0x0800515d   Thumb Code    20  usbd_core.o(i.USBD_LL_Resume)
    USBD_LL_SOF                              0x08005171   Thumb Code    24  usbd_core.o(i.USBD_LL_SOF)
    USBD_LL_SetSpeed                         0x08005189   Thumb Code     6  usbd_core.o(i.USBD_LL_SetSpeed)
    USBD_LL_SetUSBAddress                    0x0800518f   Thumb Code    18  usbd_conf.o(i.USBD_LL_SetUSBAddress)
    USBD_LL_SetupStage                       0x080051a1   Thumb Code    90  usbd_core.o(i.USBD_LL_SetupStage)
    USBD_LL_StallEP                          0x080051fb   Thumb Code    18  usbd_conf.o(i.USBD_LL_StallEP)
    USBD_LL_Start                            0x0800520d   Thumb Code    18  usbd_conf.o(i.USBD_LL_Start)
    USBD_LL_Suspend                          0x0800521f   Thumb Code    18  usbd_core.o(i.USBD_LL_Suspend)
    USBD_LL_Transmit                         0x08005231   Thumb Code    18  usbd_conf.o(i.USBD_LL_Transmit)
    USBD_ParseSetupRequest                   0x08005243   Thumb Code    40  usbd_ctlreq.o(i.USBD_ParseSetupRequest)
    USBD_RegisterClass                       0x0800526b   Thumb Code    16  usbd_core.o(i.USBD_RegisterClass)
    USBD_SetClassConfig                      0x0800527b   Thumb Code    22  usbd_core.o(i.USBD_SetClassConfig)
    USBD_Start                               0x08005315   Thumb Code    10  usbd_core.o(i.USBD_Start)
    USBD_StdDevReq                           0x0800531f   Thumb Code   274  usbd_ctlreq.o(i.USBD_StdDevReq)
    USBD_StdEPReq                            0x08005431   Thumb Code   336  usbd_ctlreq.o(i.USBD_StdEPReq)
    USBD_StdItfReq                           0x08005581   Thumb Code    78  usbd_ctlreq.o(i.USBD_StdItfReq)
    USBD_static_free                         0x080055cf   Thumb Code     2  usbd_conf.o(i.USBD_static_free)
    USBD_static_malloc                       0x080055d1   Thumb Code     4  usbd_conf.o(i.USBD_static_malloc)
    USB_ActivateEndpoint                     0x080055d9   Thumb Code   662  stm32f3xx_ll_usb.o(i.USB_ActivateEndpoint)
    USB_DeactivateEndpoint                   0x0800586f   Thumb Code   270  stm32f3xx_ll_usb.o(i.USB_DeactivateEndpoint)
    USB_DevConnect                           0x0800597d   Thumb Code     4  stm32f3xx_ll_usb.o(i.USB_DevConnect)
    USB_DevInit                              0x08005981   Thumb Code    18  stm32f3xx_ll_usb.o(i.USB_DevInit)
    USB_DisableGlobalInt                     0x08005993   Thumb Code    14  stm32f3xx_ll_usb.o(i.USB_DisableGlobalInt)
    USB_EPClearStall                         0x080059a1   Thumb Code   120  stm32f3xx_ll_usb.o(i.USB_EPClearStall)
    USB_EPSetStall                           0x08005a19   Thumb Code    50  stm32f3xx_ll_usb.o(i.USB_EPSetStall)
    USB_EPStartXfer                          0x08005a4b   Thumb Code  1238  stm32f3xx_ll_usb.o(i.USB_EPStartXfer)
    USB_EnableGlobalInt                      0x08005f21   Thumb Code    18  stm32f3xx_ll_usb.o(i.USB_EnableGlobalInt)
    USB_HP_CAN_TX_IRQHandler                 0x08005f35   Thumb Code     6  stm32f3xx_it.o(i.USB_HP_CAN_TX_IRQHandler)
    USB_HP_IRQHandler                        0x08005f41   Thumb Code     6  stm32f3xx_it.o(i.USB_HP_IRQHandler)
    USB_LP_CAN_RX0_IRQHandler                0x08005f4d   Thumb Code     6  stm32f3xx_it.o(i.USB_LP_CAN_RX0_IRQHandler)
    USB_LP_IRQHandler                        0x08005f59   Thumb Code     6  stm32f3xx_it.o(i.USB_LP_IRQHandler)
    USB_ReadInterrupts                       0x08005f65   Thumb Code     6  stm32f3xx_ll_usb.o(i.USB_ReadInterrupts)
    USB_ReadPMA                              0x08005f6b   Thumb Code    40  stm32f3xx_ll_usb.o(i.USB_ReadPMA)
    USB_SetDevAddress                        0x08005f93   Thumb Code    12  stm32f3xx_ll_usb.o(i.USB_SetDevAddress)
    USB_WritePMA                             0x08005fa1   Thumb Code    38  stm32f3xx_ll_usb.o(i.USB_WritePMA)
    UsageFault_Handler                       0x08005fc7   Thumb Code     2  stm32f3xx_it.o(i.UsageFault_Handler)
    main                                     0x08005fe9   Thumb Code   134  main.o(i.main)
    _fp_init                                 0x08006085   Thumb Code    10  fpinit.o(x$fpl$fpinit)
    __fplib_config_fpu_vfp                   0x0800608d   Thumb Code     0  fpinit.o(x$fpl$fpinit)
    __fplib_config_pureend_doubles           0x0800608d   Thumb Code     0  fpinit.o(x$fpl$fpinit)
    AHBPrescTable                            0x080060ae   Data          16  system_stm32f3xx.o(.constdata)
    APBPrescTable                            0x080060be   Data           8  system_stm32f3xx.o(.constdata)
    Region$$Table$$Base                      0x080060c8   Number         0  anon$$obj.o(Region$$Table)
    Region$$Table$$Limit                     0x080060e8   Number         0  anon$$obj.o(Region$$Table)
    now_current                              0x20000000   Data           4  main.o(.data)
    now_voltage                              0x20000004   Data           4  main.o(.data)
    now_power                                0x20000008   Data           4  main.o(.data)
    adc_buffer                               0x2000000c   Data           4  main.o(.data)
    can_tx_buffer                            0x20000010   Data           8  main.o(.data)
    FS_Desc                                  0x20000018   Data          28  usbd_desc.o(.data)
    USBD_LangIDDesc                          0x20000034   Data           4  usbd_desc.o(.data)
    USBD_FS_DeviceDesc                       0x20000038   Data          18  usbd_desc.o(.data)
    USBD_StringSerial                        0x2000004c   Data          26  usbd_desc.o(.data)
    USBD_Interface_fops_FS                   0x20000068   Data          16  usbd_cdc_if.o(.data)
    uwTickFreq                               0x20000078   Data           1  stm32f3xx_hal.o(.data)
    uwTickPrio                               0x2000007c   Data           4  stm32f3xx_hal.o(.data)
    uwTick                                   0x20000080   Data           4  stm32f3xx_hal.o(.data)
    SystemCoreClock                          0x20000084   Data           4  system_stm32f3xx.o(.data)
    USBD_CDC_CfgHSDesc                       0x20000098   Data          67  usbd_cdc.o(.data)
    USBD_CDC_CfgFSDesc                       0x200000dc   Data          67  usbd_cdc.o(.data)
    USBD_CDC_OtherSpeedCfgDesc               0x20000120   Data          67  usbd_cdc.o(.data)
    USBD_CDC                                 0x20000164   Data          56  usbd_cdc.o(.data)
    uart_tx_buffer                           0x2000019c   Data          14  main.o(.bss)
    usb_tx_buffer                            0x200001aa   Data          14  main.o(.bss)
    hadc1                                    0x200001b8   Data          80  adc.o(.bss)
    hdma_adc1                                0x20000208   Data          68  adc.o(.bss)
    hcan                                     0x2000024c   Data          40  can.o(.bss)
    hiwdg                                    0x20000274   Data          16  iwdg.o(.bss)
    htim1                                    0x20000284   Data          76  tim.o(.bss)
    htim2                                    0x200002d0   Data          76  tim.o(.bss)
    huart1                                   0x2000031c   Data         136  usart.o(.bss)
    hdma_usart1_tx                           0x200003a4   Data          68  usart.o(.bss)
    hdma_usart1_rx                           0x200003e8   Data          68  usart.o(.bss)
    hUsbDeviceFS                             0x2000042c   Data         708  usb_device.o(.bss)
    USBD_StrDesc                             0x200006f0   Data          32  usbd_desc.o(.bss)
    UserRxBufferFS                           0x20000710   Data          64  usbd_cdc_if.o(.bss)
    UserTxBufferFS                           0x20000750   Data          64  usbd_cdc_if.o(.bss)
    hpcd_USB_FS                              0x200009b0   Data         724  usbd_conf.o(.bss)
    __libspace_start                         0x20000c84   Data          96  libspace.o(.bss)
    __temporary_stack_top$libspace           0x20000ce4   Data           0  libspace.o(.bss)



==============================================================================

Memory Map of the image

  Image Entry point : 0x08000189

  Load Region LR_IROM1 (Base: 0x08000000, Size: 0x00006284, Max: 0x00010000, ABSOLUTE, COMPRESSED[0x000061a8])

    Execution Region ER_IROM1 (Exec base: 0x08000000, Load base: 0x08000000, Size: 0x000060e8, Max: 0x00010000, ABSOLUTE)

    Exec Addr    Load Addr    Size         Type   Attr      Idx    E Section Name        Object

    0x08000000   0x08000000   0x00000188   Data   RO            3    RESET               startup_stm32f302x8.o
    0x08000188   0x08000188   0x00000008   Code   RO         5716  * !!!main             c_w.l(__main.o)
    0x08000190   0x08000190   0x00000034   Code   RO         5885    !!!scatter          c_w.l(__scatter.o)
    0x080001c4   0x080001c4   0x0000005a   Code   RO         5883    !!dczerorl2         c_w.l(__dczerorl2.o)
    0x0800021e   0x0800021e   0x00000002   PAD
    0x08000220   0x08000220   0x0000001c   Code   RO         5887    !!handler_zi        c_w.l(__scatter_zi.o)
    0x0800023c   0x0800023c   0x00000002   Code   RO         5753    .ARM.Collect$$libinit$$00000000  c_w.l(libinit.o)
    0x0800023e   0x0800023e   0x00000004   Code   RO         5765    .ARM.Collect$$libinit$$00000001  c_w.l(libinit2.o)
    0x08000242   0x08000242   0x00000000   Code   RO         5768    .ARM.Collect$$libinit$$00000004  c_w.l(libinit2.o)
    0x08000242   0x08000242   0x00000000   Code   RO         5771    .ARM.Collect$$libinit$$0000000A  c_w.l(libinit2.o)
    0x08000242   0x08000242   0x00000000   Code   RO         5773    .ARM.Collect$$libinit$$0000000C  c_w.l(libinit2.o)
    0x08000242   0x08000242   0x00000000   Code   RO         5775    .ARM.Collect$$libinit$$0000000E  c_w.l(libinit2.o)
    0x08000242   0x08000242   0x00000000   Code   RO         5778    .ARM.Collect$$libinit$$00000011  c_w.l(libinit2.o)
    0x08000242   0x08000242   0x00000000   Code   RO         5780    .ARM.Collect$$libinit$$00000013  c_w.l(libinit2.o)
    0x08000242   0x08000242   0x00000000   Code   RO         5782    .ARM.Collect$$libinit$$00000015  c_w.l(libinit2.o)
    0x08000242   0x08000242   0x00000000   Code   RO         5784    .ARM.Collect$$libinit$$00000017  c_w.l(libinit2.o)
    0x08000242   0x08000242   0x00000000   Code   RO         5786    .ARM.Collect$$libinit$$00000019  c_w.l(libinit2.o)
    0x08000242   0x08000242   0x00000000   Code   RO         5788    .ARM.Collect$$libinit$$0000001B  c_w.l(libinit2.o)
    0x08000242   0x08000242   0x00000000   Code   RO         5790    .ARM.Collect$$libinit$$0000001D  c_w.l(libinit2.o)
    0x08000242   0x08000242   0x00000000   Code   RO         5792    .ARM.Collect$$libinit$$0000001F  c_w.l(libinit2.o)
    0x08000242   0x08000242   0x00000000   Code   RO         5794    .ARM.Collect$$libinit$$00000021  c_w.l(libinit2.o)
    0x08000242   0x08000242   0x00000000   Code   RO         5796    .ARM.Collect$$libinit$$00000023  c_w.l(libinit2.o)
    0x08000242   0x08000242   0x00000000   Code   RO         5798    .ARM.Collect$$libinit$$00000025  c_w.l(libinit2.o)
    0x08000242   0x08000242   0x00000000   Code   RO         5802    .ARM.Collect$$libinit$$0000002C  c_w.l(libinit2.o)
    0x08000242   0x08000242   0x00000000   Code   RO         5804    .ARM.Collect$$libinit$$0000002E  c_w.l(libinit2.o)
    0x08000242   0x08000242   0x00000000   Code   RO         5806    .ARM.Collect$$libinit$$00000030  c_w.l(libinit2.o)
    0x08000242   0x08000242   0x00000000   Code   RO         5808    .ARM.Collect$$libinit$$00000032  c_w.l(libinit2.o)
    0x08000242   0x08000242   0x00000002   Code   RO         5809    .ARM.Collect$$libinit$$00000033  c_w.l(libinit2.o)
    0x08000244   0x08000244   0x00000002   Code   RO         5840    .ARM.Collect$$libshutdown$$00000000  c_w.l(libshutdown.o)
    0x08000246   0x08000246   0x00000000   Code   RO         5866    .ARM.Collect$$libshutdown$$00000002  c_w.l(libshutdown2.o)
    0x08000246   0x08000246   0x00000000   Code   RO         5868    .ARM.Collect$$libshutdown$$00000004  c_w.l(libshutdown2.o)
    0x08000246   0x08000246   0x00000000   Code   RO         5871    .ARM.Collect$$libshutdown$$00000007  c_w.l(libshutdown2.o)
    0x08000246   0x08000246   0x00000000   Code   RO         5874    .ARM.Collect$$libshutdown$$0000000A  c_w.l(libshutdown2.o)
    0x08000246   0x08000246   0x00000000   Code   RO         5876    .ARM.Collect$$libshutdown$$0000000C  c_w.l(libshutdown2.o)
    0x08000246   0x08000246   0x00000000   Code   RO         5879    .ARM.Collect$$libshutdown$$0000000F  c_w.l(libshutdown2.o)
    0x08000246   0x08000246   0x00000002   Code   RO         5880    .ARM.Collect$$libshutdown$$00000010  c_w.l(libshutdown2.o)
    0x08000248   0x08000248   0x00000000   Code   RO         5718    .ARM.Collect$$rtentry$$00000000  c_w.l(__rtentry.o)
    0x08000248   0x08000248   0x00000000   Code   RO         5724    .ARM.Collect$$rtentry$$00000002  c_w.l(__rtentry2.o)
    0x08000248   0x08000248   0x00000006   Code   RO         5736    .ARM.Collect$$rtentry$$00000004  c_w.l(__rtentry4.o)
    0x0800024e   0x0800024e   0x00000000   Code   RO         5726    .ARM.Collect$$rtentry$$00000009  c_w.l(__rtentry2.o)
    0x0800024e   0x0800024e   0x00000004   Code   RO         5727    .ARM.Collect$$rtentry$$0000000A  c_w.l(__rtentry2.o)
    0x08000252   0x08000252   0x00000000   Code   RO         5729    .ARM.Collect$$rtentry$$0000000C  c_w.l(__rtentry2.o)
    0x08000252   0x08000252   0x00000008   Code   RO         5730    .ARM.Collect$$rtentry$$0000000D  c_w.l(__rtentry2.o)
    0x0800025a   0x0800025a   0x00000002   Code   RO         5757    .ARM.Collect$$rtexit$$00000000  c_w.l(rtexit.o)
    0x0800025c   0x0800025c   0x00000000   Code   RO         5813    .ARM.Collect$$rtexit$$00000002  c_w.l(rtexit2.o)
    0x0800025c   0x0800025c   0x00000004   Code   RO         5814    .ARM.Collect$$rtexit$$00000003  c_w.l(rtexit2.o)
    0x08000260   0x08000260   0x00000006   Code   RO         5815    .ARM.Collect$$rtexit$$00000004  c_w.l(rtexit2.o)
    0x08000266   0x08000266   0x00000002   PAD
    0x08000268   0x08000268   0x00000040   Code   RO            4    .text               startup_stm32f302x8.o
    0x080002a8   0x080002a8   0x000000ee   Code   RO         5708    .text               c_w.l(lludivv7m.o)
    0x08000396   0x08000396   0x0000004e   Code   RO         5712    .text               c_w.l(rt_memclr_w.o)
    0x080003e4   0x080003e4   0x00000006   Code   RO         5714    .text               c_w.l(heapauxi.o)
    0x080003ea   0x080003ea   0x0000004a   Code   RO         5740    .text               c_w.l(sys_stackheap_outer.o)
    0x08000434   0x08000434   0x00000012   Code   RO         5742    .text               c_w.l(exit.o)
    0x08000446   0x08000446   0x00000002   PAD
    0x08000448   0x08000448   0x00000008   Code   RO         5754    .text               c_w.l(libspace.o)
    0x08000450   0x08000450   0x0000000c   Code   RO         5810    .text               c_w.l(sys_exit.o)
    0x0800045c   0x0800045c   0x00000002   Code   RO         5829    .text               c_w.l(use_no_semi.o)
    0x0800045e   0x0800045e   0x00000000   Code   RO         5831    .text               c_w.l(indicate_semi.o)
    0x0800045e   0x0800045e   0x00000002   PAD
    0x08000460   0x08000460   0x0000000c   Code   RO          632    i.ADC1_IRQHandler   stm32f3xx_it.o
    0x0800046c   0x0800046c   0x00000044   Code   RO         3324    i.ADC_DMAConvCplt   stm32f3xx_hal_adc_ex.o
    0x080004b0   0x080004b0   0x00000016   Code   RO         3325    i.ADC_DMAError      stm32f3xx_hal_adc_ex.o
    0x080004c6   0x080004c6   0x00000006   Code   RO         3326    i.ADC_DMAHalfConvCplt  stm32f3xx_hal_adc_ex.o
    0x080004cc   0x080004cc   0x0000006a   Code   RO         3327    i.ADC_Disable       stm32f3xx_hal_adc_ex.o
    0x08000536   0x08000536   0x00000002   PAD
    0x08000538   0x08000538   0x0000006c   Code   RO         3328    i.ADC_Enable        stm32f3xx_hal_adc_ex.o
    0x080005a4   0x080005a4   0x00000002   Code   RO          633    i.BusFault_Handler  stm32f3xx_it.o
    0x080005a6   0x080005a6   0x00000002   PAD
    0x080005a8   0x080005a8   0x0000000c   Code   RO          634    i.CAN_RX1_IRQHandler  stm32f3xx_it.o
    0x080005b4   0x080005b4   0x00000004   Code   RO          945    i.CDC_Control_FS    usbd_cdc_if.o
    0x080005b8   0x080005b8   0x00000004   Code   RO          946    i.CDC_DeInit_FS     usbd_cdc_if.o
    0x080005bc   0x080005bc   0x00000024   Code   RO          947    i.CDC_Init_FS       usbd_cdc_if.o
    0x080005e0   0x080005e0   0x00000018   Code   RO          948    i.CDC_Receive_FS    usbd_cdc_if.o
    0x080005f8   0x080005f8   0x0000002c   Code   RO          949    i.CDC_Transmit_FS   usbd_cdc_if.o
    0x08000624   0x08000624   0x0000000c   Code   RO          635    i.DMA1_Channel1_IRQHandler  stm32f3xx_it.o
    0x08000630   0x08000630   0x0000000c   Code   RO          636    i.DMA1_Channel4_IRQHandler  stm32f3xx_it.o
    0x0800063c   0x0800063c   0x0000000c   Code   RO          637    i.DMA1_Channel5_IRQHandler  stm32f3xx_it.o
    0x08000648   0x08000648   0x00000020   Code   RO         2032    i.DMA_CalcBaseAndBitshift  stm32f3xx_hal_dma.o
    0x08000668   0x08000668   0x0000002a   Code   RO         2033    i.DMA_SetConfig     stm32f3xx_hal_dma.o
    0x08000692   0x08000692   0x00000002   Code   RO          638    i.DebugMon_Handler  stm32f3xx_it.o
    0x08000694   0x08000694   0x00000004   Code   RO           13    i.Error_Handler     main.o
    0x08000698   0x08000698   0x0000009e   Code   RO         3331    i.HAL_ADCEx_Calibration_Start  stm32f3xx_hal_adc_ex.o
    0x08000736   0x08000736   0x00000002   Code   RO         3333    i.HAL_ADCEx_InjectedConvCpltCallback  stm32f3xx_hal_adc_ex.o
    0x08000738   0x08000738   0x00000002   Code   RO         3336    i.HAL_ADCEx_InjectedQueueOverflowCallback  stm32f3xx_hal_adc_ex.o
    0x0800073a   0x0800073a   0x00000002   Code   RO         3341    i.HAL_ADCEx_LevelOutOfWindow2Callback  stm32f3xx_hal_adc_ex.o
    0x0800073c   0x0800073c   0x00000002   Code   RO         3342    i.HAL_ADCEx_LevelOutOfWindow3Callback  stm32f3xx_hal_adc_ex.o
    0x0800073e   0x0800073e   0x00000002   PAD
    0x08000740   0x08000740   0x0000032c   Code   RO         3347    i.HAL_ADC_ConfigChannel  stm32f3xx_hal_adc_ex.o
    0x08000a6c   0x08000a6c   0x00000002   Code   RO         3175    i.HAL_ADC_ConvCpltCallback  stm32f3xx_hal_adc.o
    0x08000a6e   0x08000a6e   0x00000002   Code   RO         3176    i.HAL_ADC_ConvHalfCpltCallback  stm32f3xx_hal_adc.o
    0x08000a70   0x08000a70   0x00000002   Code   RO         3178    i.HAL_ADC_ErrorCallback  stm32f3xx_hal_adc.o
    0x08000a72   0x08000a72   0x00000002   PAD
    0x08000a74   0x08000a74   0x000001c4   Code   RO         3350    i.HAL_ADC_IRQHandler  stm32f3xx_hal_adc_ex.o
    0x08000c38   0x08000c38   0x000001c0   Code   RO         3351    i.HAL_ADC_Init      stm32f3xx_hal_adc_ex.o
    0x08000df8   0x08000df8   0x00000002   Code   RO         3184    i.HAL_ADC_LevelOutOfWindowCallback  stm32f3xx_hal_adc.o
    0x08000dfa   0x08000dfa   0x00000002   PAD
    0x08000dfc   0x08000dfc   0x000000bc   Code   RO          384    i.HAL_ADC_MspInit   adc.o
    0x08000eb8   0x08000eb8   0x000000d4   Code   RO         3355    i.HAL_ADC_Start_DMA  stm32f3xx_hal_adc_ex.o
    0x08000f8c   0x08000f8c   0x000000bc   Code   RO         3559    i.HAL_CAN_AddTxMessage  stm32f3xx_hal_can.o
    0x08001048   0x08001048   0x00000002   Code   RO         3563    i.HAL_CAN_ErrorCallback  stm32f3xx_hal_can.o
    0x0800104a   0x0800104a   0x000001fc   Code   RO         3570    i.HAL_CAN_IRQHandler  stm32f3xx_hal_can.o
    0x08001246   0x08001246   0x0000011a   Code   RO         3571    i.HAL_CAN_Init      stm32f3xx_hal_can.o
    0x08001360   0x08001360   0x00000098   Code   RO          426    i.HAL_CAN_MspInit   can.o
    0x080013f8   0x080013f8   0x00000002   Code   RO         3578    i.HAL_CAN_RxFifo0FullCallback  stm32f3xx_hal_can.o
    0x080013fa   0x080013fa   0x00000002   Code   RO         3579    i.HAL_CAN_RxFifo0MsgPendingCallback  stm32f3xx_hal_can.o
    0x080013fc   0x080013fc   0x00000002   Code   RO         3580    i.HAL_CAN_RxFifo1FullCallback  stm32f3xx_hal_can.o
    0x080013fe   0x080013fe   0x00000002   Code   RO         3581    i.HAL_CAN_RxFifo1MsgPendingCallback  stm32f3xx_hal_can.o
    0x08001400   0x08001400   0x00000002   Code   RO         3582    i.HAL_CAN_SleepCallback  stm32f3xx_hal_can.o
    0x08001402   0x08001402   0x00000002   PAD
    0x08001404   0x08001404   0x00000058   Code   RO         3583    i.HAL_CAN_Start     stm32f3xx_hal_can.o
    0x0800145c   0x0800145c   0x00000002   Code   RO         3585    i.HAL_CAN_TxMailbox0AbortCallback  stm32f3xx_hal_can.o
    0x0800145e   0x0800145e   0x00000002   Code   RO         3586    i.HAL_CAN_TxMailbox0CompleteCallback  stm32f3xx_hal_can.o
    0x08001460   0x08001460   0x00000002   Code   RO         3587    i.HAL_CAN_TxMailbox1AbortCallback  stm32f3xx_hal_can.o
    0x08001462   0x08001462   0x00000002   Code   RO         3588    i.HAL_CAN_TxMailbox1CompleteCallback  stm32f3xx_hal_can.o
    0x08001464   0x08001464   0x00000002   Code   RO         3589    i.HAL_CAN_TxMailbox2AbortCallback  stm32f3xx_hal_can.o
    0x08001466   0x08001466   0x00000002   Code   RO         3590    i.HAL_CAN_TxMailbox2CompleteCallback  stm32f3xx_hal_can.o
    0x08001468   0x08001468   0x00000002   Code   RO         3592    i.HAL_CAN_WakeUpFromRxMsgCallback  stm32f3xx_hal_can.o
    0x0800146a   0x0800146a   0x00000048   Code   RO         2034    i.HAL_DMA_Abort     stm32f3xx_hal_dma.o
    0x080014b2   0x080014b2   0x0000004a   Code   RO         2035    i.HAL_DMA_Abort_IT  stm32f3xx_hal_dma.o
    0x080014fc   0x080014fc   0x000000a8   Code   RO         2039    i.HAL_DMA_IRQHandler  stm32f3xx_hal_dma.o
    0x080015a4   0x080015a4   0x0000004e   Code   RO         2040    i.HAL_DMA_Init      stm32f3xx_hal_dma.o
    0x080015f2   0x080015f2   0x00000070   Code   RO         2044    i.HAL_DMA_Start_IT  stm32f3xx_hal_dma.o
    0x08001662   0x08001662   0x00000002   PAD
    0x08001664   0x08001664   0x00000024   Code   RO         1653    i.HAL_Delay         stm32f3xx_hal.o
    0x08001688   0x08001688   0x00000220   Code   RO         1969    i.HAL_GPIO_Init     stm32f3xx_hal_gpio.o
    0x080018a8   0x080018a8   0x0000000c   Code   RO         1657    i.HAL_GetTick       stm32f3xx_hal.o
    0x080018b4   0x080018b4   0x00000066   Code   RO         3791    i.HAL_IWDG_Init     stm32f3xx_hal_iwdg.o
    0x0800191a   0x0800191a   0x0000000c   Code   RO         3792    i.HAL_IWDG_Refresh  stm32f3xx_hal_iwdg.o
    0x08001926   0x08001926   0x00000002   PAD
    0x08001928   0x08001928   0x00000010   Code   RO         1663    i.HAL_IncTick       stm32f3xx_hal.o
    0x08001938   0x08001938   0x00000024   Code   RO         1664    i.HAL_Init          stm32f3xx_hal.o
    0x0800195c   0x0800195c   0x00000040   Code   RO         1665    i.HAL_InitTick      stm32f3xx_hal.o
    0x0800199c   0x0800199c   0x0000002c   Code   RO          774    i.HAL_MspInit       stm32f3xx_hal_msp.o
    0x080019c8   0x080019c8   0x0000001a   Code   RO         2134    i.HAL_NVIC_EnableIRQ  stm32f3xx_hal_cortex.o
    0x080019e2   0x080019e2   0x00000002   PAD
    0x080019e4   0x080019e4   0x00000040   Code   RO         2140    i.HAL_NVIC_SetPriority  stm32f3xx_hal_cortex.o
    0x08001a24   0x08001a24   0x00000024   Code   RO         2141    i.HAL_NVIC_SetPriorityGrouping  stm32f3xx_hal_cortex.o
    0x08001a48   0x08001a48   0x0000003c   Code   RO         1606    i.HAL_PCDEx_PMAConfig  stm32f3xx_hal_pcd_ex.o
    0x08001a84   0x08001a84   0x00000002   Code   RO         1001    i.HAL_PCDEx_SetConnectionState  usbd_conf.o
    0x08001a86   0x08001a86   0x00000012   Code   RO         1003    i.HAL_PCD_DataInStageCallback  usbd_conf.o
    0x08001a98   0x08001a98   0x00000014   Code   RO         1004    i.HAL_PCD_DataOutStageCallback  usbd_conf.o
    0x08001aac   0x08001aac   0x0000004a   Code   RO         1377    i.HAL_PCD_EP_Close  stm32f3xx_hal_pcd.o
    0x08001af6   0x08001af6   0x0000005a   Code   RO         1378    i.HAL_PCD_EP_ClrStall  stm32f3xx_hal_pcd.o
    0x08001b50   0x08001b50   0x000000dc   Code   RO         1379    i.HAL_PCD_EP_DB_Receive  stm32f3xx_hal_pcd.o
    0x08001c2c   0x08001c2c   0x00000350   Code   RO         1380    i.HAL_PCD_EP_DB_Transmit  stm32f3xx_hal_pcd.o
    0x08001f7c   0x08001f7c   0x00000012   Code   RO         1382    i.HAL_PCD_EP_GetRxCount  stm32f3xx_hal_pcd.o
    0x08001f8e   0x08001f8e   0x00000058   Code   RO         1383    i.HAL_PCD_EP_Open   stm32f3xx_hal_pcd.o
    0x08001fe6   0x08001fe6   0x0000002e   Code   RO         1384    i.HAL_PCD_EP_Receive  stm32f3xx_hal_pcd.o
    0x08002014   0x08002014   0x0000005e   Code   RO         1385    i.HAL_PCD_EP_SetStall  stm32f3xx_hal_pcd.o
    0x08002072   0x08002072   0x0000002e   Code   RO         1386    i.HAL_PCD_EP_Transmit  stm32f3xx_hal_pcd.o
    0x080020a0   0x080020a0   0x000000e2   Code   RO         1388    i.HAL_PCD_IRQHandler  stm32f3xx_hal_pcd.o
    0x08002182   0x08002182   0x00000002   PAD
    0x08002184   0x08002184   0x00000090   Code   RO         1391    i.HAL_PCD_Init      stm32f3xx_hal_pcd.o
    0x08002214   0x08002214   0x00000058   Code   RO         1009    i.HAL_PCD_MspInit   usbd_conf.o
    0x0800226c   0x0800226c   0x00000026   Code   RO         1010    i.HAL_PCD_ResetCallback  usbd_conf.o
    0x08002292   0x08002292   0x00000008   Code   RO         1011    i.HAL_PCD_ResumeCallback  usbd_conf.o
    0x0800229a   0x0800229a   0x00000008   Code   RO         1012    i.HAL_PCD_SOFCallback  usbd_conf.o
    0x080022a2   0x080022a2   0x00000026   Code   RO         1397    i.HAL_PCD_SetAddress  stm32f3xx_hal_pcd.o
    0x080022c8   0x080022c8   0x0000000e   Code   RO         1013    i.HAL_PCD_SetupStageCallback  usbd_conf.o
    0x080022d6   0x080022d6   0x00000032   Code   RO         1399    i.HAL_PCD_Start     stm32f3xx_hal_pcd.o
    0x08002308   0x08002308   0x00000024   Code   RO         1014    i.HAL_PCD_SuspendCallback  usbd_conf.o
    0x0800232c   0x0800232c   0x000001f4   Code   RO         1926    i.HAL_RCCEx_PeriphCLKConfig  stm32f3xx_hal_rcc_ex.o
    0x08002520   0x08002520   0x00000148   Code   RO         1821    i.HAL_RCC_ClockConfig  stm32f3xx_hal_rcc.o
    0x08002668   0x08002668   0x00000030   Code   RO         1828    i.HAL_RCC_GetPCLK1Freq  stm32f3xx_hal_rcc.o
    0x08002698   0x08002698   0x00000030   Code   RO         1829    i.HAL_RCC_GetPCLK2Freq  stm32f3xx_hal_rcc.o
    0x080026c8   0x080026c8   0x00000054   Code   RO         1830    i.HAL_RCC_GetSysClockFreq  stm32f3xx_hal_rcc.o
    0x0800271c   0x0800271c   0x000005c8   Code   RO         1833    i.HAL_RCC_OscConfig  stm32f3xx_hal_rcc.o
    0x08002ce4   0x08002ce4   0x00000028   Code   RO         2145    i.HAL_SYSTICK_Config  stm32f3xx_hal_cortex.o
    0x08002d0c   0x08002d0c   0x00000002   Code   RO         4537    i.HAL_TIMEx_Break2Callback  stm32f3xx_hal_tim_ex.o
    0x08002d0e   0x08002d0e   0x00000002   Code   RO         4538    i.HAL_TIMEx_BreakCallback  stm32f3xx_hal_tim_ex.o
    0x08002d10   0x08002d10   0x00000002   Code   RO         4539    i.HAL_TIMEx_CommutCallback  stm32f3xx_hal_tim_ex.o
    0x08002d12   0x08002d12   0x00000002   PAD
    0x08002d14   0x08002d14   0x0000006c   Code   RO         4558    i.HAL_TIMEx_MasterConfigSynchronization  stm32f3xx_hal_tim_ex.o
    0x08002d80   0x08002d80   0x00000062   Code   RO         3823    i.HAL_TIM_Base_Init  stm32f3xx_hal_tim.o
    0x08002de2   0x08002de2   0x00000002   PAD
    0x08002de4   0x08002de4   0x0000003c   Code   RO          525    i.HAL_TIM_Base_MspInit  tim.o
    0x08002e20   0x08002e20   0x00000058   Code   RO         3828    i.HAL_TIM_Base_Start_IT  stm32f3xx_hal_tim.o
    0x08002e78   0x08002e78   0x000000e0   Code   RO         3832    i.HAL_TIM_ConfigClockSource  stm32f3xx_hal_tim.o
    0x08002f58   0x08002f58   0x00000002   Code   RO         3857    i.HAL_TIM_IC_CaptureCallback  stm32f3xx_hal_tim.o
    0x08002f5a   0x08002f5a   0x00000146   Code   RO         3871    i.HAL_TIM_IRQHandler  stm32f3xx_hal_tim.o
    0x080030a0   0x080030a0   0x00000050   Code   RO          526    i.HAL_TIM_MspPostInit  tim.o
    0x080030f0   0x080030f0   0x00000002   Code   RO         3874    i.HAL_TIM_OC_DelayElapsedCallback  stm32f3xx_hal_tim.o
    0x080030f2   0x080030f2   0x00000124   Code   RO         3895    i.HAL_TIM_PWM_ConfigChannel  stm32f3xx_hal_tim.o
    0x08003216   0x08003216   0x00000062   Code   RO         3898    i.HAL_TIM_PWM_Init  stm32f3xx_hal_tim.o
    0x08003278   0x08003278   0x00000024   Code   RO          528    i.HAL_TIM_PWM_MspInit  tim.o
    0x0800329c   0x0800329c   0x00000002   Code   RO         3901    i.HAL_TIM_PWM_PulseFinishedCallback  stm32f3xx_hal_tim.o
    0x0800329e   0x0800329e   0x00000002   PAD
    0x080032a0   0x080032a0   0x000000d8   Code   RO         3903    i.HAL_TIM_PWM_Start  stm32f3xx_hal_tim.o
    0x08003378   0x08003378   0x00000144   Code   RO           14    i.HAL_TIM_PeriodElapsedCallback  main.o
    0x080034bc   0x080034bc   0x00000002   Code   RO         3914    i.HAL_TIM_TriggerCallback  stm32f3xx_hal_tim.o
    0x080034be   0x080034be   0x00000002   Code   RO         4825    i.HAL_UARTEx_RxEventCallback  stm32f3xx_hal_uart.o
    0x080034c0   0x080034c0   0x00000002   Code   RO         5217    i.HAL_UARTEx_WakeupCallback  stm32f3xx_hal_uart_ex.o
    0x080034c2   0x080034c2   0x00000002   Code   RO         4841    i.HAL_UART_ErrorCallback  stm32f3xx_hal_uart.o
    0x080034c4   0x080034c4   0x000002b8   Code   RO         4844    i.HAL_UART_IRQHandler  stm32f3xx_hal_uart.o
    0x0800377c   0x0800377c   0x00000066   Code   RO         4845    i.HAL_UART_Init     stm32f3xx_hal_uart.o
    0x080037e2   0x080037e2   0x00000002   PAD
    0x080037e4   0x080037e4   0x000000cc   Code   RO          591    i.HAL_UART_MspInit  usart.o
    0x080038b0   0x080038b0   0x0000008c   Code   RO         4855    i.HAL_UART_Transmit_DMA  stm32f3xx_hal_uart.o
    0x0800393c   0x0800393c   0x00000002   Code   RO         4857    i.HAL_UART_TxCpltCallback  stm32f3xx_hal_uart.o
    0x0800393e   0x0800393e   0x00000002   Code   RO         4858    i.HAL_UART_TxHalfCpltCallback  stm32f3xx_hal_uart.o
    0x08003940   0x08003940   0x00000002   Code   RO          639    i.HardFault_Handler  stm32f3xx_it.o
    0x08003942   0x08003942   0x00000002   PAD
    0x08003944   0x08003944   0x00000038   Code   RO          859    i.IntToUnicode      usbd_desc.o
    0x0800397c   0x0800397c   0x00000088   Code   RO          385    i.MX_ADC1_Init      adc.o
    0x08003a04   0x08003a04   0x00000044   Code   RO          427    i.MX_CAN_Init       can.o
    0x08003a48   0x08003a48   0x0000004c   Code   RO          467    i.MX_DMA_Init       dma.o
    0x08003a94   0x08003a94   0x0000003c   Code   RO          242    i.MX_GPIO_Init      gpio.o
    0x08003ad0   0x08003ad0   0x00000030   Code   RO          494    i.MX_IWDG_Init      iwdg.o
    0x08003b00   0x08003b00   0x00000070   Code   RO          529    i.MX_TIM1_Init      tim.o
    0x08003b70   0x08003b70   0x00000070   Code   RO          530    i.MX_TIM2_Init      tim.o
    0x08003be0   0x08003be0   0x00000048   Code   RO          592    i.MX_USART1_UART_Init  usart.o
    0x08003c28   0x08003c28   0x00000054   Code   RO          798    i.MX_USB_DEVICE_Init  usb_device.o
    0x08003c7c   0x08003c7c   0x00000002   Code   RO          640    i.MemManage_Handler  stm32f3xx_it.o
    0x08003c7e   0x08003c7e   0x00000002   Code   RO          641    i.NMI_Handler       stm32f3xx_it.o
    0x08003c80   0x08003c80   0x00000384   Code   RO         1403    i.PCD_EP_ISR_Handler  stm32f3xx_hal_pcd.o
    0x08004004   0x08004004   0x00000002   Code   RO          642    i.PendSV_Handler    stm32f3xx_it.o
    0x08004006   0x08004006   0x00000002   Code   RO          643    i.SVC_Handler       stm32f3xx_it.o
    0x08004008   0x08004008   0x00000004   Code   RO          644    i.SysTick_Handler   stm32f3xx_it.o
    0x0800400c   0x0800400c   0x0000008c   Code   RO           15    i.SystemClock_Config  main.o
    0x08004098   0x08004098   0x00000010   Code   RO         5287    i.SystemInit        system_stm32f3xx.o
    0x080040a8   0x080040a8   0x0000000c   Code   RO          645    i.TIM1_UP_TIM16_IRQHandler  stm32f3xx_it.o
    0x080040b4   0x080040b4   0x00000088   Code   RO         3916    i.TIM_Base_SetConfig  stm32f3xx_hal_tim.o
    0x0800413c   0x0800413c   0x0000001a   Code   RO         3917    i.TIM_CCxChannelCmd  stm32f3xx_hal_tim.o
    0x08004156   0x08004156   0x00000014   Code   RO         3927    i.TIM_ETR_SetConfig  stm32f3xx_hal_tim.o
    0x0800416a   0x0800416a   0x00000010   Code   RO         3928    i.TIM_ITRx_SetConfig  stm32f3xx_hal_tim.o
    0x0800417a   0x0800417a   0x00000002   PAD
    0x0800417c   0x0800417c   0x00000088   Code   RO         3929    i.TIM_OC1_SetConfig  stm32f3xx_hal_tim.o
    0x08004204   0x08004204   0x00000080   Code   RO         3930    i.TIM_OC2_SetConfig  stm32f3xx_hal_tim.o
    0x08004284   0x08004284   0x00000080   Code   RO         3931    i.TIM_OC3_SetConfig  stm32f3xx_hal_tim.o
    0x08004304   0x08004304   0x0000006c   Code   RO         3932    i.TIM_OC4_SetConfig  stm32f3xx_hal_tim.o
    0x08004370   0x08004370   0x00000064   Code   RO         3933    i.TIM_OC5_SetConfig  stm32f3xx_hal_tim.o
    0x080043d4   0x080043d4   0x00000068   Code   RO         3934    i.TIM_OC6_SetConfig  stm32f3xx_hal_tim.o
    0x0800443c   0x0800443c   0x00000022   Code   RO         3936    i.TIM_TI1_ConfigInputStage  stm32f3xx_hal_tim.o
    0x0800445e   0x0800445e   0x00000024   Code   RO         3938    i.TIM_TI2_ConfigInputStage  stm32f3xx_hal_tim.o
    0x08004482   0x08004482   0x000000c8   Code   RO         4859    i.UART_AdvFeatureConfig  stm32f3xx_hal_uart.o
    0x0800454a   0x0800454a   0x000000a8   Code   RO         4860    i.UART_CheckIdleState  stm32f3xx_hal_uart.o
    0x080045f2   0x080045f2   0x00000014   Code   RO         4861    i.UART_DMAAbortOnError  stm32f3xx_hal_uart.o
    0x08004606   0x08004606   0x0000004e   Code   RO         4862    i.UART_DMAError     stm32f3xx_hal_uart.o
    0x08004654   0x08004654   0x00000040   Code   RO         4867    i.UART_DMATransmitCplt  stm32f3xx_hal_uart.o
    0x08004694   0x08004694   0x0000000a   Code   RO         4869    i.UART_DMATxHalfCplt  stm32f3xx_hal_uart.o
    0x0800469e   0x0800469e   0x0000004c   Code   RO         4871    i.UART_EndRxTransfer  stm32f3xx_hal_uart.o
    0x080046ea   0x080046ea   0x00000018   Code   RO         4872    i.UART_EndTxTransfer  stm32f3xx_hal_uart.o
    0x08004702   0x08004702   0x00000002   PAD
    0x08004704   0x08004704   0x00000140   Code   RO         4875    i.UART_SetConfig    stm32f3xx_hal_uart.o
    0x08004844   0x08004844   0x00000094   Code   RO         4880    i.UART_WaitOnFlagUntilTimeout  stm32f3xx_hal_uart.o
    0x080048d8   0x080048d8   0x0000000c   Code   RO          646    i.USART1_IRQHandler  stm32f3xx_it.o
    0x080048e4   0x080048e4   0x00000046   Code   RO         5599    i.USBD_CDC_DataIn   usbd_cdc.o
    0x0800492a   0x0800492a   0x0000002e   Code   RO         5600    i.USBD_CDC_DataOut  usbd_cdc.o
    0x08004958   0x08004958   0x00000044   Code   RO         5601    i.USBD_CDC_DeInit   usbd_cdc.o
    0x0800499c   0x0800499c   0x00000024   Code   RO         5602    i.USBD_CDC_EP0_RxReady  usbd_cdc.o
    0x080049c0   0x080049c0   0x0000000c   Code   RO         5603    i.USBD_CDC_GetDeviceQualifierDescriptor  usbd_cdc.o
    0x080049cc   0x080049cc   0x0000000c   Code   RO         5604    i.USBD_CDC_GetFSCfgDesc  usbd_cdc.o
    0x080049d8   0x080049d8   0x0000000c   Code   RO         5605    i.USBD_CDC_GetHSCfgDesc  usbd_cdc.o
    0x080049e4   0x080049e4   0x0000000c   Code   RO         5606    i.USBD_CDC_GetOtherSpeedCfgDesc  usbd_cdc.o
    0x080049f0   0x080049f0   0x00000094   Code   RO         5607    i.USBD_CDC_Init     usbd_cdc.o
    0x08004a84   0x08004a84   0x00000028   Code   RO         5608    i.USBD_CDC_ReceivePacket  usbd_cdc.o
    0x08004aac   0x08004aac   0x00000010   Code   RO         5609    i.USBD_CDC_RegisterInterface  usbd_cdc.o
    0x08004abc   0x08004abc   0x0000000c   Code   RO         5610    i.USBD_CDC_SetRxBuffer  usbd_cdc.o
    0x08004ac8   0x08004ac8   0x00000010   Code   RO         5611    i.USBD_CDC_SetTxBuffer  usbd_cdc.o
    0x08004ad8   0x08004ad8   0x000000ac   Code   RO         5612    i.USBD_CDC_Setup    usbd_cdc.o
    0x08004b84   0x08004b84   0x00000036   Code   RO         5613    i.USBD_CDC_TransmitPacket  usbd_cdc.o
    0x08004bba   0x08004bba   0x0000000e   Code   RO         5324    i.USBD_ClrClassConfig  usbd_core.o
    0x08004bc8   0x08004bc8   0x00000010   Code   RO         5535    i.USBD_CtlContinueRx  usbd_ioreq.o
    0x08004bd8   0x08004bd8   0x00000010   Code   RO         5536    i.USBD_CtlContinueSendData  usbd_ioreq.o
    0x08004be8   0x08004be8   0x00000016   Code   RO         5466    i.USBD_CtlError     usbd_ctlreq.o
    0x08004bfe   0x08004bfe   0x0000001e   Code   RO         5537    i.USBD_CtlPrepareRx  usbd_ioreq.o
    0x08004c1c   0x08004c1c   0x00000016   Code   RO         5538    i.USBD_CtlReceiveStatus  usbd_ioreq.o
    0x08004c32   0x08004c32   0x0000001a   Code   RO         5539    i.USBD_CtlSendData  usbd_ioreq.o
    0x08004c4c   0x08004c4c   0x00000016   Code   RO         5540    i.USBD_CtlSendStatus  usbd_ioreq.o
    0x08004c62   0x08004c62   0x00000002   PAD
    0x08004c64   0x08004c64   0x00000020   Code   RO          860    i.USBD_FS_ConfigStrDescriptor  usbd_desc.o
    0x08004c84   0x08004c84   0x0000000c   Code   RO          861    i.USBD_FS_DeviceDescriptor  usbd_desc.o
    0x08004c90   0x08004c90   0x00000030   Code   RO          862    i.USBD_FS_InterfaceStrDescriptor  usbd_desc.o
    0x08004cc0   0x08004cc0   0x0000000c   Code   RO          863    i.USBD_FS_LangIDStrDescriptor  usbd_desc.o
    0x08004ccc   0x08004ccc   0x0000002c   Code   RO          864    i.USBD_FS_ManufacturerStrDescriptor  usbd_desc.o
    0x08004cf8   0x08004cf8   0x0000002c   Code   RO          865    i.USBD_FS_ProductStrDescriptor  usbd_desc.o
    0x08004d24   0x08004d24   0x00000038   Code   RO          866    i.USBD_FS_SerialStrDescriptor  usbd_desc.o
    0x08004d5c   0x08004d5c   0x000000e8   Code   RO         5467    i.USBD_GetDescriptor  usbd_ctlreq.o
    0x08004e44   0x08004e44   0x00000048   Code   RO         5468    i.USBD_GetString    usbd_ctlreq.o
    0x08004e8c   0x08004e8c   0x00000018   Code   RO         1015    i.USBD_Get_USB_Status  usbd_conf.o
    0x08004ea4   0x08004ea4   0x0000002a   Code   RO         5326    i.USBD_Init         usbd_core.o
    0x08004ece   0x08004ece   0x00000012   Code   RO         1016    i.USBD_LL_ClearStallEP  usbd_conf.o
    0x08004ee0   0x08004ee0   0x00000012   Code   RO         1017    i.USBD_LL_CloseEP   usbd_conf.o
    0x08004ef2   0x08004ef2   0x000000c6   Code   RO         5327    i.USBD_LL_DataInStage  usbd_core.o
    0x08004fb8   0x08004fb8   0x00000082   Code   RO         5328    i.USBD_LL_DataOutStage  usbd_core.o
    0x0800503a   0x0800503a   0x00000008   Code   RO         1021    i.USBD_LL_GetRxDataSize  usbd_conf.o
    0x08005042   0x08005042   0x00000002   PAD
    0x08005044   0x08005044   0x00000080   Code   RO         1022    i.USBD_LL_Init      usbd_conf.o
    0x080050c4   0x080050c4   0x0000001e   Code   RO         1023    i.USBD_LL_IsStallEP  usbd_conf.o
    0x080050e2   0x080050e2   0x00000018   Code   RO         1024    i.USBD_LL_OpenEP    usbd_conf.o
    0x080050fa   0x080050fa   0x00000012   Code   RO         1025    i.USBD_LL_PrepareReceive  usbd_conf.o
    0x0800510c   0x0800510c   0x00000050   Code   RO         5333    i.USBD_LL_Reset     usbd_core.o
    0x0800515c   0x0800515c   0x00000014   Code   RO         5334    i.USBD_LL_Resume    usbd_core.o
    0x08005170   0x08005170   0x00000018   Code   RO         5335    i.USBD_LL_SOF       usbd_core.o
    0x08005188   0x08005188   0x00000006   Code   RO         5336    i.USBD_LL_SetSpeed  usbd_core.o
    0x0800518e   0x0800518e   0x00000012   Code   RO         1026    i.USBD_LL_SetUSBAddress  usbd_conf.o
    0x080051a0   0x080051a0   0x0000005a   Code   RO         5337    i.USBD_LL_SetupStage  usbd_core.o
    0x080051fa   0x080051fa   0x00000012   Code   RO         1027    i.USBD_LL_StallEP   usbd_conf.o
    0x0800520c   0x0800520c   0x00000012   Code   RO         1028    i.USBD_LL_Start     usbd_conf.o
    0x0800521e   0x0800521e   0x00000012   Code   RO         5338    i.USBD_LL_Suspend   usbd_core.o
    0x08005230   0x08005230   0x00000012   Code   RO         1030    i.USBD_LL_Transmit  usbd_conf.o
    0x08005242   0x08005242   0x00000028   Code   RO         5469    i.USBD_ParseSetupRequest  usbd_ctlreq.o
    0x0800526a   0x0800526a   0x00000010   Code   RO         5339    i.USBD_RegisterClass  usbd_core.o
    0x0800527a   0x0800527a   0x00000016   Code   RO         5341    i.USBD_SetClassConfig  usbd_core.o
    0x08005290   0x08005290   0x00000084   Code   RO         5470    i.USBD_SetConfig    usbd_ctlreq.o
    0x08005314   0x08005314   0x0000000a   Code   RO         5342    i.USBD_Start        usbd_core.o
    0x0800531e   0x0800531e   0x00000112   Code   RO         5471    i.USBD_StdDevReq    usbd_ctlreq.o
    0x08005430   0x08005430   0x00000150   Code   RO         5472    i.USBD_StdEPReq     usbd_ctlreq.o
    0x08005580   0x08005580   0x0000004e   Code   RO         5473    i.USBD_StdItfReq    usbd_ctlreq.o
    0x080055ce   0x080055ce   0x00000002   Code   RO         1031    i.USBD_static_free  usbd_conf.o
    0x080055d0   0x080055d0   0x00000008   Code   RO         1032    i.USBD_static_malloc  usbd_conf.o
    0x080055d8   0x080055d8   0x00000296   Code   RO         1217    i.USB_ActivateEndpoint  stm32f3xx_ll_usb.o
    0x0800586e   0x0800586e   0x0000010e   Code   RO         1221    i.USB_DeactivateEndpoint  stm32f3xx_ll_usb.o
    0x0800597c   0x0800597c   0x00000004   Code   RO         1222    i.USB_DevConnect    stm32f3xx_ll_usb.o
    0x08005980   0x08005980   0x00000012   Code   RO         1224    i.USB_DevInit       stm32f3xx_ll_usb.o
    0x08005992   0x08005992   0x0000000e   Code   RO         1225    i.USB_DisableGlobalInt  stm32f3xx_ll_usb.o
    0x080059a0   0x080059a0   0x00000078   Code   RO         1226    i.USB_EPClearStall  stm32f3xx_ll_usb.o
    0x08005a18   0x08005a18   0x00000032   Code   RO         1227    i.USB_EPSetStall    stm32f3xx_ll_usb.o
    0x08005a4a   0x08005a4a   0x000004d6   Code   RO         1228    i.USB_EPStartXfer   stm32f3xx_ll_usb.o
    0x08005f20   0x08005f20   0x00000012   Code   RO         1230    i.USB_EnableGlobalInt  stm32f3xx_ll_usb.o
    0x08005f32   0x08005f32   0x00000002   PAD
    0x08005f34   0x08005f34   0x0000000c   Code   RO          647    i.USB_HP_CAN_TX_IRQHandler  stm32f3xx_it.o
    0x08005f40   0x08005f40   0x0000000c   Code   RO          648    i.USB_HP_IRQHandler  stm32f3xx_it.o
    0x08005f4c   0x08005f4c   0x0000000c   Code   RO          649    i.USB_LP_CAN_RX0_IRQHandler  stm32f3xx_it.o
    0x08005f58   0x08005f58   0x0000000c   Code   RO          650    i.USB_LP_IRQHandler  stm32f3xx_it.o
    0x08005f64   0x08005f64   0x00000006   Code   RO         1233    i.USB_ReadInterrupts  stm32f3xx_ll_usb.o
    0x08005f6a   0x08005f6a   0x00000028   Code   RO         1234    i.USB_ReadPMA       stm32f3xx_ll_usb.o
    0x08005f92   0x08005f92   0x0000000c   Code   RO         1236    i.USB_SetDevAddress  stm32f3xx_ll_usb.o
    0x08005f9e   0x08005f9e   0x00000002   PAD
    0x08005fa0   0x08005fa0   0x00000026   Code   RO         1238    i.USB_WritePMA      stm32f3xx_ll_usb.o
    0x08005fc6   0x08005fc6   0x00000002   Code   RO          651    i.UsageFault_Handler  stm32f3xx_it.o
    0x08005fc8   0x08005fc8   0x00000020   Code   RO         2147    i.__NVIC_SetPriority  stm32f3xx_hal_cortex.o
    0x08005fe8   0x08005fe8   0x0000009c   Code   RO           16    i.main              main.o
    0x08006084   0x08006084   0x0000000a   Code   RO         5825    x$fpl$fpinit        fz_wm.l(fpinit.o)
    0x0800608e   0x0800608e   0x00000020   Data   RO         1834    .constdata          stm32f3xx_hal_rcc.o
    0x080060ae   0x080060ae   0x00000010   Data   RO         5288    .constdata          system_stm32f3xx.o
    0x080060be   0x080060be   0x00000008   Data   RO         5289    .constdata          system_stm32f3xx.o
    0x080060c6   0x080060c6   0x00000002   PAD
    0x080060c8   0x080060c8   0x00000020   Data   RO         5881    Region$$Table       anon$$obj.o


    Execution Region RW_IRAM1 (Exec base: 0x20000000, Load base: 0x080060e8, Size: 0x00003ce8, Max: 0x00004000, ABSOLUTE, COMPRESSED[0x000000c0])

    Exec Addr    Load Addr    Size         Type   Attr      Idx    E Section Name        Object

    0x20000000   COMPRESSED   0x00000018   Data   RW           18    .data               main.o
    0x20000018   COMPRESSED   0x0000001c   Data   RW          868    .data               usbd_desc.o
    0x20000034   COMPRESSED   0x00000032   Data   RW          869    .data               usbd_desc.o
    0x20000066   COMPRESSED   0x00000002   PAD
    0x20000068   COMPRESSED   0x00000010   Data   RW          951    .data               usbd_cdc_if.o
    0x20000078   COMPRESSED   0x0000000c   Data   RW         1671    .data               stm32f3xx_hal.o
    0x20000084   COMPRESSED   0x00000004   Data   RW         5290    .data               system_stm32f3xx.o
    0x20000088   COMPRESSED   0x00000001   Data   RW         5474    .data               usbd_ctlreq.o
    0x20000089   COMPRESSED   0x00000003   PAD
    0x2000008c   COMPRESSED   0x000000d7   Data   RW         5614    .data               usbd_cdc.o
    0x20000163   COMPRESSED   0x00000001   PAD
    0x20000164   COMPRESSED   0x00000038   Data   RW         5615    .data               usbd_cdc.o
    0x2000019c        -       0x0000001c   Zero   RW           17    .bss                main.o
    0x200001b8        -       0x00000094   Zero   RW          386    .bss                adc.o
    0x2000024c        -       0x00000028   Zero   RW          428    .bss                can.o
    0x20000274        -       0x00000010   Zero   RW          495    .bss                iwdg.o
    0x20000284        -       0x00000098   Zero   RW          531    .bss                tim.o
    0x2000031c        -       0x00000110   Zero   RW          593    .bss                usart.o
    0x2000042c        -       0x000002c4   Zero   RW          799    .bss                usb_device.o
    0x200006f0        -       0x00000020   Zero   RW          867    .bss                usbd_desc.o
    0x20000710        -       0x00000080   Zero   RW          950    .bss                usbd_cdc_if.o
    0x20000790        -       0x000004f4   Zero   RW         1033    .bss                usbd_conf.o
    0x20000c84        -       0x00000060   Zero   RW         5755    .bss                c_w.l(libspace.o)
    0x20000ce4   COMPRESSED   0x00000004   PAD
    0x20000ce8        -       0x00001000   Zero   RW            2    HEAP                startup_stm32f302x8.o
    0x20001ce8        -       0x00002000   Zero   RW            1    STACK               startup_stm32f302x8.o


==============================================================================

Image component sizes


      Code (inc. data)   RO Data    RW Data    ZI Data      Debug   Object Name

       324         24          0          0        148       2083   adc.o
       220         24          0          0         40       1911   can.o
        76          4          0          0          0        954   dma.o
        60          6          0          0          0     579143   gpio.o
        48         10          0          0         16        763   iwdg.o
       624         74          0         24         28     541686   main.o
        64         26        392          0      12288        864   startup_stm32f302x8.o
       164         28          0         12          0      12437   stm32f3xx_hal.o
         8          0          0          0          0       2825   stm32f3xx_hal_adc.o
      2400         66          0          0          0      12621   stm32f3xx_hal_adc_ex.o
      1092          0          0          0          0      12522   stm32f3xx_hal_can.o
       198         14          0          0          0      32375   stm32f3xx_hal_cortex.o
       578         10          0          0          0       5910   stm32f3xx_hal_dma.o
       544         26          0          0          0       1780   stm32f3xx_hal_gpio.o
       114          0          0          0          0       2099   stm32f3xx_hal_iwdg.o
        44          6          0          0          0       1018   stm32f3xx_hal_msp.o
      2882          0          0          0          0      14901   stm32f3xx_hal_pcd.o
        60          0          0          0          0       1354   stm32f3xx_hal_pcd_ex.o
      1988         76         32          0          0       6028   stm32f3xx_hal_rcc.o
       500         14          0          0          0       1720   stm32f3xx_hal_rcc_ex.o
      2322        180          0          0          0      18640   stm32f3xx_hal_tim.o
       114         10          0          0          0       3308   stm32f3xx_hal_tim_ex.o
      2054         68          0          0          0      14321   stm32f3xx_hal_uart.o
         2          0          0          0          0       1188   stm32f3xx_hal_uart_ex.o
       152         66          0          0          0       9800   stm32f3xx_it.o
      2490          0          0          0          0      14768   stm32f3xx_ll_usb.o
        16          4         24          4          0       1311   system_stm32f3xx.o
       400         38          0          0        152       3847   tim.o
       276         32          0          0        272       2096   usart.o
        84         18          0          0        708       7267   usb_device.o
       726         16          0        271          0      13966   usbd_cdc.o
       112         20          0         16        128       3660   usbd_cdc_if.o
       582         32          0          0       1268      15569   usbd_conf.o
       670          0          0          0          0      10279   usbd_core.o
      1186         28          0          1          0       8468   usbd_ctlreq.o
       304        120          0         78         32       6501   usbd_desc.o
       132          0          0          0          0       4768   usbd_ioreq.o

    ----------------------------------------------------------------------
     23652       1040        482        412      15080    1374751   Object Totals
         0          0         32          0          0          0   (incl. Generated)
        42          0          2          6          0          0   (incl. Padding)

    ----------------------------------------------------------------------

      Code (inc. data)   RO Data    RW Data    ZI Data      Debug   Library Member Name

        90          0          0          0          0          0   __dczerorl2.o
         8          0          0          0          0         68   __main.o
         0          0          0          0          0          0   __rtentry.o
        12          0          0          0          0          0   __rtentry2.o
         6          0          0          0          0          0   __rtentry4.o
        52          8          0          0          0          0   __scatter.o
        28          0          0          0          0          0   __scatter_zi.o
        18          0          0          0          0         80   exit.o
         6          0          0          0          0        152   heapauxi.o
         0          0          0          0          0          0   indicate_semi.o
         2          0          0          0          0          0   libinit.o
         6          0          0          0          0          0   libinit2.o
         2          0          0          0          0          0   libshutdown.o
         2          0          0          0          0          0   libshutdown2.o
         8          4          0          0         96         68   libspace.o
       238          0          0          0          0        100   lludivv7m.o
        78          0          0          0          0         80   rt_memclr_w.o
         2          0          0          0          0          0   rtexit.o
        10          0          0          0          0          0   rtexit2.o
        12          4          0          0          0         68   sys_exit.o
        74          0          0          0          0         80   sys_stackheap_outer.o
         2          0          0          0          0         68   use_no_semi.o
        10          0          0          0          0        116   fpinit.o

    ----------------------------------------------------------------------
       674         16          0          0        100        880   Library Totals
         8          0          0          0          4          0   (incl. Padding)

    ----------------------------------------------------------------------

      Code (inc. data)   RO Data    RW Data    ZI Data      Debug   Library Name

       656         16          0          0         96        764   c_w.l
        10          0          0          0          0        116   fz_wm.l

    ----------------------------------------------------------------------
       674         16          0          0        100        880   Library Totals

    ----------------------------------------------------------------------

==============================================================================


      Code (inc. data)   RO Data    RW Data    ZI Data      Debug   

     24326       1056        482        412      15180    1350871   Grand Totals
     24326       1056        482        192      15180    1350871   ELF Image Totals (compressed)
     24326       1056        482        192          0          0   ROM Totals

==============================================================================

    Total RO  Size (Code + RO Data)                24808 (  24.23kB)
    Total RW  Size (RW Data + ZI Data)             15592 (  15.23kB)
    Total ROM Size (Code + RO Data + RW Data)      25000 (  24.41kB)

==============================================================================

